32182 <... read resumed> "\261\225\317E", 4) = 4
32183 rt_sigaction(SIGUSR1, {sa_handler=0x562922da37e0, sa_mask=[], sa_flags=SA_RESTORER, sa_restorer=0x7f96912c80c0},  <unfinished ...>
32182 close(6 <unfinished ...>
32183 <... rt_sigaction resumed> {sa_handler=0x562922da37e0, sa_mask=[], sa_flags=SA_RESTORER, sa_restorer=0x7f96912c80c0}, 8) = 0
32182 <... close resumed> )             = 0
32183 rt_sigprocmask(SIG_SETMASK, [],  <unfinished ...>
32185 stat("/tmp/eval-0vp_1AZr",  <unfinished ...>
32183 <... rt_sigprocmask resumed> NULL, 8) = 0
32185 <... stat resumed> {st_mode=S_IFDIR|0555, st_size=4096, ...}) = 0
32183 rt_sigprocmask(SIG_BLOCK, [HUP],  <unfinished ...>
32185 mkdir("/tmp/eval-0vp_1AZr/jail", 0777 <unfinished ...>
32183 <... rt_sigprocmask resumed> [], 8) = 0
32183 rt_sigaction(SIGHUP, {sa_handler=0x562922da37e0, sa_mask=[], sa_flags=SA_RESTORER, sa_restorer=0x7f96912c80c0}, {sa_handler=0x562922da37e0, sa_mask=[], sa_flags=SA_RESTORER, sa_restorer=0x7f96912c80c0}, 8) = 0
32182 stat("/tmp",  <unfinished ...>
32183 rt_sigprocmask(SIG_SETMASK, [],  <unfinished ...>
32185 <... mkdir resumed> )             = 0
32183 <... rt_sigprocmask resumed> NULL, 8) = 0
32182 <... stat resumed> {st_mode=S_IFDIR|S_ISVTX|0777, st_size=974848, ...}) = 0
32183 rt_sigprocmask(SIG_BLOCK, [PIPE],  <unfinished ...>
32182 stat("/tmp",  <unfinished ...>
32183 <... rt_sigprocmask resumed> [], 8) = 0
32182 <... stat resumed> {st_mode=S_IFDIR|S_ISVTX|0777, st_size=974848, ...}) = 0
32183 rt_sigaction(SIGPIPE, {sa_handler=0x562922da37e0, sa_mask=[], sa_flags=SA_RESTORER, sa_restorer=0x7f96912c80c0}, {sa_handler=0x562922da37e0, sa_mask=[], sa_flags=SA_RESTORER, sa_restorer=0x7f96912c80c0}, 8) = 0
32185 mount("tmpfs", "/tmp/eval-0vp_1AZr/jail", "tmpfs", 0, "size=1m" <unfinished ...>
32183 rt_sigprocmask(SIG_SETMASK, [],  <unfinished ...>
32182 mkdir("/tmp/eval-3F5iuzy2", 0700 <unfinished ...>
32183 <... rt_sigprocmask resumed> NULL, 8) = 0
32183 rt_sigprocmask(SIG_BLOCK, [RT_5],  <unfinished ...>
32185 <... mount resumed> )             = 0
32183 <... rt_sigprocmask resumed> [], 8) = 0
32183 rt_sigaction(SIGRT_5, {sa_handler=0x562922da37e0, sa_mask=[], sa_flags=SA_RESTORER, sa_restorer=0x7f96912c80c0},  <unfinished ...>
32185 mount("tmpfs", "/tmp/eval-0vp_1AZr/jail", 0x5629241b0590, MS_PRIVATE, 0x562924bfecb0 <unfinished ...>
32183 <... rt_sigaction resumed> {sa_handler=0x562922da37e0, sa_mask=[], sa_flags=SA_RESTORER, sa_restorer=0x7f96912c80c0}, 8) = 0
32185 <... mount resumed> )             = 0
32183 rt_sigprocmask(SIG_SETMASK, [],  <unfinished ...>
32185 umask(000 <unfinished ...>
32183 <... rt_sigprocmask resumed> NULL, 8) = 0
32185 <... umask resumed> )             = 022
32183 rt_sigprocmask(SIG_BLOCK, [RTMIN],  <unfinished ...>
32182 <... mkdir resumed> )             = 0
32183 <... rt_sigprocmask resumed> [], 8) = 0
32182 chmod("/tmp/eval-3F5iuzy2", 0700 <unfinished ...>
32183 rt_sigprocmask(SIG_SETMASK, [],  <unfinished ...>
32182 <... chmod resumed> )             = 0
32183 <... rt_sigprocmask resumed> NULL, 8) = 0
32181 brk(0x562924cd0000 <unfinished ...>
32183 rt_sigprocmask(SIG_BLOCK, [SEGV],  <unfinished ...>
32182 lstat("/tmp",  <unfinished ...>
32185 stat("/tmp/eval-0vp_1AZr/jail/lib64",  <unfinished ...>
32183 <... rt_sigprocmask resumed> [], 8) = 0
32185 <... stat resumed> 0x5629230c78c0) = -1 ENOENT (No such file or directory)
32183 rt_sigaction(SIGSEGV, {sa_handler=0x562922da37e0, sa_mask=[], sa_flags=SA_RESTORER, sa_restorer=0x7f96912c80c0},  <unfinished ...>
32182 <... lstat resumed> {st_mode=S_IFDIR|S_ISVTX|0777, st_size=974848, ...}) = 0
32183 <... rt_sigaction resumed> {sa_handler=0x562922da37e0, sa_mask=[], sa_flags=SA_RESTORER, sa_restorer=0x7f96912c80c0}, 8) = 0
32182 lstat("/tmp/eval-3F5iuzy2",  <unfinished ...>
32183 rt_sigprocmask(SIG_SETMASK, [],  <unfinished ...>
32182 <... lstat resumed> {st_mode=S_IFDIR|0700, st_size=4096, ...}) = 0
32185 stat("/tmp/eval-0vp_1AZr/jail",  <unfinished ...>
32183 <... rt_sigprocmask resumed> NULL, 8) = 0
32185 <... stat resumed> {st_mode=S_IFDIR|S_ISVTX|0777, st_size=40, ...}) = 0
32183 rt_sigprocmask(SIG_BLOCK, [QUIT],  <unfinished ...>
32185 mkdir("/tmp/eval-0vp_1AZr/jail/lib64", 0777 <unfinished ...>
32183 <... rt_sigprocmask resumed> [], 8) = 0
32185 <... mkdir resumed> )             = 0
32183 rt_sigaction(SIGQUIT, {sa_handler=0x562922da37e0, sa_mask=[], sa_flags=SA_RESTORER, sa_restorer=0x7f96912c80c0},  <unfinished ...>
32182 getpid( <unfinished ...>
32183 <... rt_sigaction resumed> {sa_handler=0x562922da37e0, sa_mask=[], sa_flags=SA_RESTORER, sa_restorer=0x7f96912c80c0}, 8) = 0
32182 <... getpid resumed> )            = 32182
32183 rt_sigprocmask(SIG_SETMASK, [],  <unfinished ...>
32181 <... brk resumed> )               = 0x562924cd0000
32185 mount("/lib64", "/tmp/eval-0vp_1AZr/jail/lib64", 0x562923cc2940, MS_RDONLY|MS_BIND|MS_PRIVATE, 0x562923cbfed0 <unfinished ...>
32183 <... rt_sigprocmask resumed> NULL, 8) = 0
32183 rt_sigprocmask(SIG_BLOCK, [TSTP],  <unfinished ...>
32185 <... mount resumed> )             = 0
32183 <... rt_sigprocmask resumed> [], 8) = 0
32183 rt_sigaction(SIGTSTP, {sa_handler=0x562922da37e0, sa_mask=[], sa_flags=SA_RESTORER, sa_restorer=0x7f96912c80c0}, {sa_handler=0x562922da37e0, sa_mask=[], sa_flags=SA_RESTORER, sa_restorer=0x7f96912c80c0}, 8) = 0
32183 rt_sigprocmask(SIG_SETMASK, [],  <unfinished ...>
32185 stat("/tmp/eval-0vp_1AZr/jail/lib",  <unfinished ...>
32183 <... rt_sigprocmask resumed> NULL, 8) = 0
32185 <... stat resumed> 0x5629230c78c0) = -1 ENOENT (No such file or directory)
32183 rt_sigprocmask(SIG_BLOCK, [USR2], [], 8) = 0
32183 rt_sigaction(SIGUSR2, {sa_handler=0x562922da37e0, sa_mask=[], sa_flags=SA_RESTORER, sa_restorer=0x7f96912c80c0},  <unfinished ...>
32185 stat("/tmp/eval-0vp_1AZr/jail",  <unfinished ...>
32183 <... rt_sigaction resumed> {sa_handler=0x562922da37e0, sa_mask=[], sa_flags=SA_RESTORER, sa_restorer=0x7f96912c80c0}, 8) = 0
32185 <... stat resumed> {st_mode=S_IFDIR|S_ISVTX|0777, st_size=60, ...}) = 0
32183 rt_sigprocmask(SIG_SETMASK, [],  <unfinished ...>
32185 mkdir("/tmp/eval-0vp_1AZr/jail/lib", 0777 <unfinished ...>
32183 <... rt_sigprocmask resumed> NULL, 8) = 0
32185 <... mkdir resumed> )             = 0
32183 rt_sigprocmask(SIG_BLOCK, [RT_21],  <unfinished ...>
32182 chmod("/tmp/eval-3F5iuzy2", 0555 <unfinished ...>
32185 mount("/lib", "/tmp/eval-0vp_1AZr/jail/lib", 0x562923cc2940, MS_RDONLY|MS_BIND|MS_PRIVATE, 0x562923cbfed0 <unfinished ...>
32183 <... rt_sigprocmask resumed> [], 8) = 0
32182 <... chmod resumed> )             = 0
32183 rt_sigaction(SIGRT_21, {sa_handler=0x562922da37e0, sa_mask=[], sa_flags=SA_RESTORER, sa_restorer=0x7f96912c80c0},  <unfinished ...>
32185 <... mount resumed> )             = 0
32183 <... rt_sigaction resumed> {sa_handler=0x562922da37e0, sa_mask=[], sa_flags=SA_RESTORER, sa_restorer=0x7f96912c80c0}, 8) = 0
32183 rt_sigprocmask(SIG_SETMASK, [], NULL, 8) = 0
32185 stat("/tmp/eval-0vp_1AZr/jail/usr/lib",  <unfinished ...>
32183 rt_sigprocmask(SIG_BLOCK, [RT_6],  <unfinished ...>
32185 <... stat resumed> 0x5629230c78c0) = -1 ENOENT (No such file or directory)
32183 <... rt_sigprocmask resumed> [], 8) = 0
32183 rt_sigaction(SIGRT_6, {sa_handler=0x562922da37e0, sa_mask=[], sa_flags=SA_RESTORER, sa_restorer=0x7f96912c80c0},  <unfinished ...>
32182 socket(AF_UNIX, SOCK_STREAM|SOCK_CLOEXEC|SOCK_NONBLOCK, 0 <unfinished ...>
32185 stat("/tmp/eval-0vp_1AZr/jail/usr",  <unfinished ...>
32183 <... rt_sigaction resumed> {sa_handler=0x562922da37e0, sa_mask=[], sa_flags=SA_RESTORER, sa_restorer=0x7f96912c80c0}, 8) = 0
32185 <... stat resumed> 0x5629230c78c0) = -1 ENOENT (No such file or directory)
32183 rt_sigprocmask(SIG_SETMASK, [],  <unfinished ...>
32184 brk(0x562924cf3000 <unfinished ...>
32183 <... rt_sigprocmask resumed> NULL, 8) = 0
32185 stat("/tmp/eval-0vp_1AZr/jail/usr",  <unfinished ...>
32184 <... brk resumed> )               = 0x562924cf3000
32185 <... stat resumed> 0x5629230c78c0) = -1 ENOENT (No such file or directory)
32183 rt_sigprocmask(SIG_BLOCK, [XCPU],  <unfinished ...>
32182 <... socket resumed> )            = 6
32183 <... rt_sigprocmask resumed> [], 8) = 0
32182 connect(6, {sa_family=AF_UNIX, sun_path="/var/run/nscd/socket"}, 110 <unfinished ...>
32185 stat("/tmp/eval-0vp_1AZr/jail",  <unfinished ...>
32184 lseek(3, 46959, SEEK_SET <unfinished ...>
32185 <... stat resumed> {st_mode=S_IFDIR|S_ISVTX|0777, st_size=80, ...}) = 0
32184 <... lseek resumed> )             = 46959
32185 mkdir("/tmp/eval-0vp_1AZr/jail/usr", 0777 <unfinished ...>
32184 lseek(3, 0, SEEK_CUR <unfinished ...>
32185 <... mkdir resumed> )             = 0
32184 <... lseek resumed> )             = 46959
32185 mkdir("/tmp/eval-0vp_1AZr/jail/usr/lib", 0777 <unfinished ...>
32183 rt_sigaction(SIGXCPU, {sa_handler=0x562922da37e0, sa_mask=[], sa_flags=SA_RESTORER, sa_restorer=0x7f96912c80c0},  <unfinished ...>
32185 <... mkdir resumed> )             = 0
32183 <... rt_sigaction resumed> {sa_handler=0x562922da37e0, sa_mask=[], sa_flags=SA_RESTORER, sa_restorer=0x7f96912c80c0}, 8) = 0
32182 <... connect resumed> )           = -1 ENOENT (No such file or directory)
32185 mount("/usr/lib", "/tmp/eval-0vp_1AZr/jail/usr/lib", 0x562923cc2940, MS_RDONLY|MS_BIND|MS_PRIVATE, 0x562923cbfed0 <unfinished ...>
32183 rt_sigprocmask(SIG_SETMASK, [],  <unfinished ...>
32182 close(6 <unfinished ...>
32183 <... rt_sigprocmask resumed> NULL, 8) = 0
32185 <... mount resumed> )             = 0
32183 rt_sigprocmask(SIG_BLOCK, [RT_29],  <unfinished ...>
32182 <... close resumed> )             = 0
32183 <... rt_sigprocmask resumed> [], 8) = 0
32182 socket(AF_UNIX, SOCK_STREAM|SOCK_CLOEXEC|SOCK_NONBLOCK, 0 <unfinished ...>
32183 rt_sigaction(SIGRT_29, {sa_handler=0x562922da37e0, sa_mask=[], sa_flags=SA_RESTORER, sa_restorer=0x7f96912c80c0},  <unfinished ...>
32182 <... socket resumed> )            = 6
32185 stat("/tmp/eval-0vp_1AZr/jail/usr/bin",  <unfinished ...>
32183 <... rt_sigaction resumed> {sa_handler=0x562922da37e0, sa_mask=[], sa_flags=SA_RESTORER, sa_restorer=0x7f96912c80c0}, 8) = 0
32185 <... stat resumed> 0x5629230c78c0) = -1 ENOENT (No such file or directory)
32183 rt_sigprocmask(SIG_SETMASK, [],  <unfinished ...>
32182 connect(6, {sa_family=AF_UNIX, sun_path="/var/run/nscd/socket"}, 110 <unfinished ...>
32183 <... rt_sigprocmask resumed> NULL, 8) = 0
32185 stat("/tmp/eval-0vp_1AZr/jail/usr",  <unfinished ...>
32183 rt_sigprocmask(SIG_BLOCK, [IO],  <unfinished ...>
32185 <... stat resumed> {st_mode=S_IFDIR|0777, st_size=60, ...}) = 0
32183 <... rt_sigprocmask resumed> [], 8) = 0
32185 mkdir("/tmp/eval-0vp_1AZr/jail/usr/bin", 0777 <unfinished ...>
32183 rt_sigaction(SIGIO, {sa_handler=0x562922da37e0, sa_mask=[], sa_flags=SA_RESTORER, sa_restorer=0x7f96912c80c0},  <unfinished ...>
32185 <... mkdir resumed> )             = 0
32183 <... rt_sigaction resumed> {sa_handler=0x562922da37e0, sa_mask=[], sa_flags=SA_RESTORER, sa_restorer=0x7f96912c80c0}, 8) = 0
32182 <... connect resumed> )           = -1 ENOENT (No such file or directory)
32183 rt_sigprocmask(SIG_SETMASK, [],  <unfinished ...>
32185 mount("/usr/bin", "/tmp/eval-0vp_1AZr/jail/usr/bin", 0x562923cc2940, MS_RDONLY|MS_BIND|MS_PRIVATE, 0x562923cbfed0 <unfinished ...>
32183 <... rt_sigprocmask resumed> NULL, 8) = 0
32182 close(6 <unfinished ...>
32183 rt_sigprocmask(SIG_BLOCK, [RT_17],  <unfinished ...>
32185 <... mount resumed> )             = 0
32183 <... rt_sigprocmask resumed> [], 8) = 0
32182 <... close resumed> )             = 0
32183 rt_sigaction(SIGRT_17, {sa_handler=0x562922da37e0, sa_mask=[], sa_flags=SA_RESTORER, sa_restorer=0x7f96912c80c0}, {sa_handler=0x562922da37e0, sa_mask=[], sa_flags=SA_RESTORER, sa_restorer=0x7f96912c80c0}, 8) = 0
32185 stat("/tmp/eval-0vp_1AZr/jail/perl5",  <unfinished ...>
32183 rt_sigprocmask(SIG_SETMASK, [],  <unfinished ...>
32185 <... stat resumed> 0x5629230c78c0) = -1 ENOENT (No such file or directory)
32183 <... rt_sigprocmask resumed> NULL, 8) = 0
32182 open("/etc/ld.so.cache", O_RDONLY|O_CLOEXEC <unfinished ...>
32183 rt_sigprocmask(SIG_BLOCK, [RT_9],  <unfinished ...>
32185 stat("/tmp/eval-0vp_1AZr/jail",  <unfinished ...>
32184 stat("/tmp",  <unfinished ...>
32185 <... stat resumed> {st_mode=S_IFDIR|S_ISVTX|0777, st_size=100, ...}) = 0
32184 <... stat resumed> {st_mode=S_IFDIR|S_ISVTX|0777, st_size=974848, ...}) = 0
32185 mkdir("/tmp/eval-0vp_1AZr/jail/perl5", 0777 <unfinished ...>
32184 geteuid( <unfinished ...>
32185 <... mkdir resumed> )             = 0
32184 <... geteuid resumed> )           = 0
32183 <... rt_sigprocmask resumed> [], 8) = 0
32185 mount("/home/ryan/perl5", "/tmp/eval-0vp_1AZr/jail/perl5", 0x562923cc2940, MS_RDONLY|MS_BIND|MS_PRIVATE, 0x562923cbfed0 <unfinished ...>
32183 rt_sigaction(SIGRT_9, {sa_handler=0x562922da37e0, sa_mask=[], sa_flags=SA_RESTORER, sa_restorer=0x7f96912c80c0},  <unfinished ...>
32182 <... open resumed> )              = 6
32183 <... rt_sigaction resumed> {sa_handler=0x562922da37e0, sa_mask=[], sa_flags=SA_RESTORER, sa_restorer=0x7f96912c80c0}, 8) = 0
32185 <... mount resumed> )             = 0
32183 rt_sigprocmask(SIG_SETMASK, [],  <unfinished ...>
32182 fstat(6,  <unfinished ...>
32183 <... rt_sigprocmask resumed> NULL, 8) = 0
32182 <... fstat resumed> {st_mode=S_IFREG|0644, st_size=351433, ...}) = 0
32184 open("/dev/urandom", O_RDONLY <unfinished ...>
32185 stat("/tmp/eval-0vp_1AZr/jail/home/ryan/perl5",  <unfinished ...>
32184 <... open resumed> )              = 6
32185 <... stat resumed> 0x5629230c78c0) = -1 ENOENT (No such file or directory)
32184 read(6,  <unfinished ...>
32183 rt_sigprocmask(SIG_BLOCK, [RT_19],  <unfinished ...>
32184 <... read resumed> "5\366\300\364", 4) = 4
32183 <... rt_sigprocmask resumed> [], 8) = 0
32185 stat("/tmp/eval-0vp_1AZr/jail/home/ryan",  <unfinished ...>
32184 close(6 <unfinished ...>
32185 <... stat resumed> 0x5629230c78c0) = -1 ENOENT (No such file or directory)
32184 <... close resumed> )             = 0
32185 stat("/tmp/eval-0vp_1AZr/jail/home/ryan",  <unfinished ...>
32183 rt_sigaction(SIGRT_19, {sa_handler=0x562922da37e0, sa_mask=[], sa_flags=SA_RESTORER, sa_restorer=0x7f96912c80c0},  <unfinished ...>
32185 <... stat resumed> 0x5629230c78c0) = -1 ENOENT (No such file or directory)
32183 <... rt_sigaction resumed> {sa_handler=0x562922da37e0, sa_mask=[], sa_flags=SA_RESTORER, sa_restorer=0x7f96912c80c0}, 8) = 0
32182 mmap(NULL, 351433, PROT_READ, MAP_PRIVATE, 6, 0 <unfinished ...>
32181 lseek(3, 46959, SEEK_SET <unfinished ...>
32185 stat("/tmp/eval-0vp_1AZr/jail/home",  <unfinished ...>
32184 stat("/tmp",  <unfinished ...>
32185 <... stat resumed> 0x5629230c78c0) = -1 ENOENT (No such file or directory)
32184 <... stat resumed> {st_mode=S_IFDIR|S_ISVTX|0777, st_size=974848, ...}) = 0
32182 <... mmap resumed> )              = 0x7f969169e000
32185 stat("/tmp/eval-0vp_1AZr/jail/home",  <unfinished ...>
32184 stat("/tmp",  <unfinished ...>
32185 <... stat resumed> 0x5629230c78c0) = -1 ENOENT (No such file or directory)
32184 <... stat resumed> {st_mode=S_IFDIR|S_ISVTX|0777, st_size=974848, ...}) = 0
32182 close(6 <unfinished ...>
32181 <... lseek resumed> )             = 46959
32184 mkdir("/tmp/eval-qQnrQU_Q", 0700 <unfinished ...>
32185 stat("/tmp/eval-0vp_1AZr/jail",  <unfinished ...>
32182 <... close resumed> )             = 0
32185 <... stat resumed> {st_mode=S_IFDIR|S_ISVTX|0777, st_size=120, ...}) = 0
32182 access("/etc/ld.so.nohwcap", F_OK <unfinished ...>
32185 mkdir("/tmp/eval-0vp_1AZr/jail/home", 0777 <unfinished ...>
32182 <... access resumed> )            = -1 ENOENT (No such file or directory)
32185 <... mkdir resumed> )             = 0
32181 lseek(3, 0, SEEK_CUR <unfinished ...>
32185 mkdir("/tmp/eval-0vp_1AZr/jail/home/ryan", 0777 <unfinished ...>
32184 <... mkdir resumed> )             = 0
32185 <... mkdir resumed> )             = 0
32184 chmod("/tmp/eval-qQnrQU_Q", 0700 <unfinished ...>
32185 mkdir("/tmp/eval-0vp_1AZr/jail/home/ryan/perl5", 0777 <unfinished ...>
32184 <... chmod resumed> )             = 0
32185 <... mkdir resumed> )             = 0
32182 open("/lib/x86_64-linux-gnu/libnss_compat.so.2", O_RDONLY|O_CLOEXEC <unfinished ...>
32184 lstat("/tmp",  <unfinished ...>
32182 <... open resumed> )              = 6
32185 mount("/home/ryan/perl5", "/tmp/eval-0vp_1AZr/jail/home/ryan/perl5", 0x562923cc2940, MS_RDONLY|MS_BIND|MS_PRIVATE, 0x562923cbfed0 <unfinished ...>
32184 <... lstat resumed> {st_mode=S_IFDIR|S_ISVTX|0777, st_size=974848, ...}) = 0
32182 read(6,  <unfinished ...>
32184 lstat("/tmp/eval-qQnrQU_Q",  <unfinished ...>
32185 <... mount resumed> )             = 0
32184 <... lstat resumed> {st_mode=S_IFDIR|0700, st_size=4096, ...}) = 0
32183 rt_sigprocmask(SIG_SETMASK, [],  <unfinished ...>
32182 <... read resumed> "\177ELF\2\1\1\0\0\0\0\0\0\0\0\0\3\0>\0\1\0\0\0\260\22\0\0\0\0\0\0"..., 832) = 832
32184 getpid( <unfinished ...>
32183 <... rt_sigprocmask resumed> NULL, 8) = 0
32184 <... getpid resumed> )            = 32184
32185 stat("/tmp/eval-0vp_1AZr/jail/mnt/mintdisk/home/ryan/perl5",  <unfinished ...>
32183 rt_sigprocmask(SIG_BLOCK, [ABRT],  <unfinished ...>
32185 <... stat resumed> 0x5629230c78c0) = -1 ENOENT (No such file or directory)
32183 <... rt_sigprocmask resumed> [], 8) = 0
32182 fstat(6,  <unfinished ...>
32183 rt_sigaction(SIGABRT, {sa_handler=0x562922da37e0, sa_mask=[], sa_flags=SA_RESTORER, sa_restorer=0x7f96912c80c0},  <unfinished ...>
32185 stat("/tmp/eval-0vp_1AZr/jail/mnt/mintdisk/home/ryan",  <unfinished ...>
32183 <... rt_sigaction resumed> {sa_handler=0x562922da37e0, sa_mask=[], sa_flags=SA_RESTORER, sa_restorer=0x7f96912c80c0}, 8) = 0
32185 <... stat resumed> 0x5629230c78c0) = -1 ENOENT (No such file or directory)
32183 rt_sigprocmask(SIG_SETMASK, [],  <unfinished ...>
32185 stat("/tmp/eval-0vp_1AZr/jail/mnt/mintdisk/home/ryan",  <unfinished ...>
32183 <... rt_sigprocmask resumed> NULL, 8) = 0
32185 <... stat resumed> 0x5629230c78c0) = -1 ENOENT (No such file or directory)
32183 rt_sigprocmask(SIG_BLOCK, [CHLD],  <unfinished ...>
32182 <... fstat resumed> {st_mode=S_IFREG|0644, st_size=31616, ...}) = 0
32183 <... rt_sigprocmask resumed> [], 8) = 0
32185 stat("/tmp/eval-0vp_1AZr/jail/mnt/mintdisk/home",  <unfinished ...>
32183 rt_sigaction(SIGCHLD, {sa_handler=0x562922da37e0, sa_mask=[], sa_flags=SA_RESTORER, sa_restorer=0x7f96912c80c0},  <unfinished ...>
32185 <... stat resumed> 0x5629230c78c0) = -1 ENOENT (No such file or directory)
32184 chmod("/tmp/eval-qQnrQU_Q", 0555 <unfinished ...>
32185 stat("/tmp/eval-0vp_1AZr/jail/mnt/mintdisk/home",  <unfinished ...>
32184 <... chmod resumed> )             = 0
32185 <... stat resumed> 0x5629230c78c0) = -1 ENOENT (No such file or directory)
32183 <... rt_sigaction resumed> {sa_handler=0x562922da37e0, sa_mask=[], sa_flags=SA_RESTORER, sa_restorer=0x7f96912c80c0}, 8) = 0
32182 mmap(NULL, 2126944, PROT_READ|PROT_EXEC, MAP_PRIVATE|MAP_DENYWRITE, 6, 0 <unfinished ...>
32183 rt_sigprocmask(SIG_SETMASK, [],  <unfinished ...>
32185 stat("/tmp/eval-0vp_1AZr/jail/mnt/mintdisk",  <unfinished ...>
32183 <... rt_sigprocmask resumed> NULL, 8) = 0
32185 <... stat resumed> 0x5629230c78c0) = -1 ENOENT (No such file or directory)
32183 rt_sigprocmask(SIG_BLOCK, [CONT],  <unfinished ...>
32185 stat("/tmp/eval-0vp_1AZr/jail/mnt/mintdisk",  <unfinished ...>
32183 <... rt_sigprocmask resumed> [], 8) = 0
32185 <... stat resumed> 0x5629230c78c0) = -1 ENOENT (No such file or directory)
32183 rt_sigaction(SIGCONT, {sa_handler=0x562922da37e0, sa_mask=[], sa_flags=SA_RESTORER, sa_restorer=0x7f96912c80c0},  <unfinished ...>
32184 socket(AF_UNIX, SOCK_STREAM|SOCK_CLOEXEC|SOCK_NONBLOCK, 0 <unfinished ...>
32183 <... rt_sigaction resumed> {sa_handler=0x562922da37e0, sa_mask=[], sa_flags=SA_RESTORER, sa_restorer=0x7f96912c80c0}, 8) = 0
32185 stat("/tmp/eval-0vp_1AZr/jail/mnt",  <unfinished ...>
32184 <... socket resumed> )            = 6
32185 <... stat resumed> 0x5629230c78c0) = -1 ENOENT (No such file or directory)
32184 connect(6, {sa_family=AF_UNIX, sun_path="/var/run/nscd/socket"}, 110 <unfinished ...>
32185 stat("/tmp/eval-0vp_1AZr/jail/mnt",  <unfinished ...>
32184 <... connect resumed> )           = -1 ENOENT (No such file or directory)
32185 <... stat resumed> 0x5629230c78c0) = -1 ENOENT (No such file or directory)
32184 close(6 <unfinished ...>
32183 rt_sigprocmask(SIG_SETMASK, [],  <unfinished ...>
32184 <... close resumed> )             = 0
32183 <... rt_sigprocmask resumed> NULL, 8) = 0
32185 stat("/tmp/eval-0vp_1AZr/jail",  <unfinished ...>
32184 socket(AF_UNIX, SOCK_STREAM|SOCK_CLOEXEC|SOCK_NONBLOCK, 0 <unfinished ...>
32185 <... stat resumed> {st_mode=S_IFDIR|S_ISVTX|0777, st_size=140, ...}) = 0
32184 <... socket resumed> )            = 6
32185 mkdir("/tmp/eval-0vp_1AZr/jail/mnt", 0777 <unfinished ...>
32184 connect(6, {sa_family=AF_UNIX, sun_path="/var/run/nscd/socket"}, 110 <unfinished ...>
32185 <... mkdir resumed> )             = 0
32184 <... connect resumed> )           = -1 ENOENT (No such file or directory)
32185 mkdir("/tmp/eval-0vp_1AZr/jail/mnt/mintdisk", 0777 <unfinished ...>
32184 close(6 <unfinished ...>
32185 <... mkdir resumed> )             = 0
32184 <... close resumed> )             = 0
32185 mkdir("/tmp/eval-0vp_1AZr/jail/mnt/mintdisk/home", 0777 <unfinished ...>
32183 rt_sigprocmask(SIG_BLOCK, [RT_11],  <unfinished ...>
32185 <... mkdir resumed> )             = 0
32183 <... rt_sigprocmask resumed> [], 8) = 0
32185 mkdir("/tmp/eval-0vp_1AZr/jail/mnt/mintdisk/home/ryan", 0777 <unfinished ...>
32184 open("/etc/ld.so.cache", O_RDONLY|O_CLOEXEC <unfinished ...>
32185 <... mkdir resumed> )             = 0
32184 <... open resumed> )              = 6
32185 mkdir("/tmp/eval-0vp_1AZr/jail/mnt/mintdisk/home/ryan/perl5", 0777 <unfinished ...>
32184 fstat(6,  <unfinished ...>
32185 <... mkdir resumed> )             = 0
32184 <... fstat resumed> {st_mode=S_IFREG|0644, st_size=351433, ...}) = 0
32183 rt_sigaction(SIGRT_11, {sa_handler=0x562922da37e0, sa_mask=[], sa_flags=SA_RESTORER, sa_restorer=0x7f96912c80c0},  <unfinished ...>
32184 mmap(NULL, 351433, PROT_READ, MAP_PRIVATE, 6, 0 <unfinished ...>
32185 mount("/mnt/mintdisk/home/ryan/perl5", "/tmp/eval-0vp_1AZr/jail/mnt/mintdisk/home/ryan/perl5", 0x562923cc2940, MS_RDONLY|MS_BIND|MS_PRIVATE, 0x562923cbfed0 <unfinished ...>
32184 <... mmap resumed> )              = 0x7f969169e000
32183 <... rt_sigaction resumed> {sa_handler=0x562922da37e0, sa_mask=[], sa_flags=SA_RESTORER, sa_restorer=0x7f96912c80c0}, 8) = 0
32185 <... mount resumed> )             = 0
32184 close(6 <unfinished ...>
32183 rt_sigprocmask(SIG_SETMASK, [],  <unfinished ...>
32184 <... close resumed> )             = 0
32183 <... rt_sigprocmask resumed> NULL, 8) = 0
32184 access("/etc/ld.so.nohwcap", F_OK <unfinished ...>
32182 <... mmap resumed> )              = 0x7f968d900000
32185 stat("/tmp/eval-0vp_1AZr/jail/langs",  <unfinished ...>
32184 <... access resumed> )            = -1 ENOENT (No such file or directory)
32185 <... stat resumed> 0x5629230c78c0) = -1 ENOENT (No such file or directory)
32183 rt_sigprocmask(SIG_BLOCK, [RT_13],  <unfinished ...>
32184 open("/lib/x86_64-linux-gnu/libnss_compat.so.2", O_RDONLY|O_CLOEXEC <unfinished ...>
32183 <... rt_sigprocmask resumed> [], 8) = 0
32185 stat("/tmp/eval-0vp_1AZr/jail",  <unfinished ...>
32184 <... open resumed> )              = 6
32185 <... stat resumed> {st_mode=S_IFDIR|S_ISVTX|0777, st_size=160, ...}) = 0
32184 read(6,  <unfinished ...>
32185 mkdir("/tmp/eval-0vp_1AZr/jail/langs", 0777 <unfinished ...>
32184 <... read resumed> "\177ELF\2\1\1\0\0\0\0\0\0\0\0\0\3\0>\0\1\0\0\0\260\22\0\0\0\0\0\0"..., 832) = 832
32185 <... mkdir resumed> )             = 0
32184 fstat(6,  <unfinished ...>
32183 rt_sigaction(SIGRT_13, {sa_handler=0x562922da37e0, sa_mask=[], sa_flags=SA_RESTORER, sa_restorer=0x7f96912c80c0},  <unfinished ...>
32184 <... fstat resumed> {st_mode=S_IFREG|0644, st_size=31616, ...}) = 0
32185 mount("/mnt/mintdisk/home/ryan/workspace/evalserver-async/bin/../langs", "/tmp/eval-0vp_1AZr/jail/langs", 0x562923cc2940, MS_RDONLY|MS_BIND|MS_PRIVATE, 0x562923cbfed0 <unfinished ...>
32184 mmap(NULL, 2126944, PROT_READ|PROT_EXEC, MAP_PRIVATE|MAP_DENYWRITE, 6, 0 <unfinished ...>
32183 <... rt_sigaction resumed> {sa_handler=0x562922da37e0, sa_mask=[], sa_flags=SA_RESTORER, sa_restorer=0x7f96912c80c0}, 8) = 0
32185 <... mount resumed> )             = 0
32184 <... mmap resumed> )              = 0x7f968d900000
32183 rt_sigprocmask(SIG_SETMASK, [],  <unfinished ...>
32184 mprotect(0x7f968d907000, 2093056, PROT_NONE <unfinished ...>
32183 <... rt_sigprocmask resumed> NULL, 8) = 0
32182 mprotect(0x7f968d907000, 2093056, PROT_NONE <unfinished ...>
32185 stat("/tmp/eval-0vp_1AZr/jail/eval",  <unfinished ...>
32184 <... mprotect resumed> )          = 0
32185 <... stat resumed> 0x5629230c78c0) = -1 ENOENT (No such file or directory)
32184 mmap(0x7f968db06000, 8192, PROT_READ|PROT_WRITE, MAP_PRIVATE|MAP_FIXED|MAP_DENYWRITE, 6, 0x6000 <unfinished ...>
32183 rt_sigprocmask(SIG_BLOCK, [XFSZ],  <unfinished ...>
32184 <... mmap resumed> )              = 0x7f968db06000
32183 <... rt_sigprocmask resumed> [], 8) = 0
32185 stat("/tmp/eval-0vp_1AZr/jail",  <unfinished ...>
32184 close(6 <unfinished ...>
32185 <... stat resumed> {st_mode=S_IFDIR|S_ISVTX|0777, st_size=180, ...}) = 0
32184 <... close resumed> )             = 0
32185 mkdir("/tmp/eval-0vp_1AZr/jail/eval", 0777 <unfinished ...>
32183 rt_sigaction(SIGXFSZ, {sa_handler=0x562922da37e0, sa_mask=[], sa_flags=SA_RESTORER, sa_restorer=0x7f96912c80c0},  <unfinished ...>
32185 <... mkdir resumed> )             = 0
32184 mprotect(0x7f968db06000, 4096, PROT_READ <unfinished ...>
32183 <... rt_sigaction resumed> {sa_handler=0x562922da37e0, sa_mask=[], sa_flags=SA_RESTORER, sa_restorer=0x7f96912c80c0}, 8) = 0
32185 mount("/mnt/mintdisk/home/ryan/workspace/evalserver-async/bin/../jail_root", "/tmp/eval-0vp_1AZr/jail/eval", 0x562923cc2940, MS_RDONLY|MS_BIND|MS_PRIVATE, 0x562923cbfed0 <unfinished ...>
32184 <... mprotect resumed> )          = 0
32183 rt_sigprocmask(SIG_SETMASK, [],  <unfinished ...>
32185 <... mount resumed> )             = 0
32184 munmap(0x7f969169e000, 351433 <unfinished ...>
32183 <... rt_sigprocmask resumed> NULL, 8) = 0
32182 <... mprotect resumed> )          = 0
32184 <... munmap resumed> )            = 0
32183 rt_sigprocmask(SIG_BLOCK, [PROF],  <unfinished ...>
32182 mmap(0x7f968db06000, 8192, PROT_READ|PROT_WRITE, MAP_PRIVATE|MAP_FIXED|MAP_DENYWRITE, 6, 0x6000 <unfinished ...>
32185 stat("/tmp/eval-0vp_1AZr/jail/eval/elib",  <unfinished ...>
32184 open("/etc/ld.so.cache", O_RDONLY|O_CLOEXEC <unfinished ...>
32185 <... stat resumed> {st_mode=S_IFDIR|0777, st_size=4096, ...}) = 0
32184 <... open resumed> )              = 6
32183 <... rt_sigprocmask resumed> [], 8) = 0
32185 mount("/mnt/mintdisk/home/ryan/workspace/evalserver-async/bin/../lib", "/tmp/eval-0vp_1AZr/jail/eval/elib", 0x562923cc2940, MS_RDONLY|MS_BIND|MS_PRIVATE, 0x562923cbfed0 <unfinished ...>
32184 fstat(6,  <unfinished ...>
32183 rt_sigaction(SIGPROF, {sa_handler=0x562922da37e0, sa_mask=[], sa_flags=SA_RESTORER, sa_restorer=0x7f96912c80c0},  <unfinished ...>
32185 <... mount resumed> )             = 0
32184 <... fstat resumed> {st_mode=S_IFREG|0644, st_size=351433, ...}) = 0
32183 <... rt_sigaction resumed> {sa_handler=0x562922da37e0, sa_mask=[], sa_flags=SA_RESTORER, sa_restorer=0x7f96912c80c0}, 8) = 0
32184 mmap(NULL, 351433, PROT_READ, MAP_PRIVATE, 6, 0 <unfinished ...>
32183 rt_sigprocmask(SIG_SETMASK, [],  <unfinished ...>
32185 stat("/tmp/eval-0vp_1AZr/jail/eval/etc",  <unfinished ...>
32184 <... mmap resumed> )              = 0x7f969169e000
32185 <... stat resumed> {st_mode=S_IFDIR|0777, st_size=4096, ...}) = 0
32184 close(6 <unfinished ...>
32183 <... rt_sigprocmask resumed> NULL, 8) = 0
32185 mount("/mnt/mintdisk/home/ryan/workspace/evalserver-async/bin/../etc", "/tmp/eval-0vp_1AZr/jail/eval/etc", 0x562923cc2940, MS_RDONLY|MS_BIND|MS_PRIVATE, 0x562923cbfed0 <unfinished ...>
32184 <... close resumed> )             = 0
32183 rt_sigprocmask(SIG_BLOCK, [FPE],  <unfinished ...>
32185 <... mount resumed> )             = 0
32184 access("/etc/ld.so.nohwcap", F_OK <unfinished ...>
32183 <... rt_sigprocmask resumed> [], 8) = 0
32184 <... access resumed> )            = -1 ENOENT (No such file or directory)
32183 rt_sigaction(SIGFPE, {sa_handler=0x562922da37e0, sa_mask=[], sa_flags=SA_RESTORER, sa_restorer=0x7f96912c80c0},  <unfinished ...>
32185 stat("/tmp/eval-0vp_1AZr/jail/tmp",  <unfinished ...>
32184 open("/lib/x86_64-linux-gnu/libnss_nis.so.2", O_RDONLY|O_CLOEXEC <unfinished ...>
32185 <... stat resumed> 0x5629230c78c0) = -1 ENOENT (No such file or directory)
32184 <... open resumed> )              = 6
32183 <... rt_sigaction resumed> {sa_handler=0x562922da37e0, sa_mask=[], sa_flags=SA_RESTORER, sa_restorer=0x7f96912c80c0}, 8) = 0
32184 read(6,  <unfinished ...>
32183 rt_sigprocmask(SIG_SETMASK, [],  <unfinished ...>
32185 stat("/tmp/eval-0vp_1AZr/jail",  <unfinished ...>
32184 <... read resumed> "\177ELF\2\1\1\0\0\0\0\0\0\0\0\0\3\0>\0\1\0\0\0\340 \0\0\0\0\0\0"..., 832) = 832
32185 <... stat resumed> {st_mode=S_IFDIR|S_ISVTX|0777, st_size=200, ...}) = 0
32184 fstat(6,  <unfinished ...>
32185 mkdir("/tmp/eval-0vp_1AZr/jail/tmp", 0777 <unfinished ...>
32184 <... fstat resumed> {st_mode=S_IFREG|0644, st_size=47688, ...}) = 0
32185 <... mkdir resumed> )             = 0
32184 mmap(NULL, 2143656, PROT_READ|PROT_EXEC, MAP_PRIVATE|MAP_DENYWRITE, 6, 0 <unfinished ...>
32183 <... rt_sigprocmask resumed> NULL, 8) = 0
32184 <... mmap resumed> )              = 0x7f968d6f4000
32185 mount("tmpfs", "/tmp/eval-0vp_1AZr/jail/tmp", "tmpfs", 0, "size=16m" <unfinished ...>
32184 mprotect(0x7f968d6ff000, 2093056, PROT_NONE <unfinished ...>
32183 rt_sigprocmask(SIG_BLOCK, [RT_28],  <unfinished ...>
32184 <... mprotect resumed> )          = 0
32183 <... rt_sigprocmask resumed> [], 8) = 0
32185 <... mount resumed> )             = 0
32184 mmap(0x7f968d8fe000, 8192, PROT_READ|PROT_WRITE, MAP_PRIVATE|MAP_FIXED|MAP_DENYWRITE, 6, 0xa000 <unfinished ...>
32183 rt_sigaction(SIGRT_28, {sa_handler=0x562922da37e0, sa_mask=[], sa_flags=SA_RESTORER, sa_restorer=0x7f96912c80c0},  <unfinished ...>
32185 mount("tmpfs", "/tmp/eval-0vp_1AZr/jail/tmp", 0x562924187fe0, MS_PRIVATE, 0x562924bfecb0 <unfinished ...>
32184 <... mmap resumed> )              = 0x7f968d8fe000
32183 <... rt_sigaction resumed> {sa_handler=0x562922da37e0, sa_mask=[], sa_flags=SA_RESTORER, sa_restorer=0x7f96912c80c0}, 8) = 0
32185 <... mount resumed> )             = 0
32184 close(6 <unfinished ...>
32183 rt_sigprocmask(SIG_SETMASK, [],  <unfinished ...>
32184 <... close resumed> )             = 0
32183 <... rt_sigprocmask resumed> NULL, 8) = 0
32182 <... mmap resumed> )              = 0x7f968db06000
32181 <... lseek resumed> )             = 46959
32185 stat("/tmp/eval-0vp_1AZr/jail/dev",  <unfinished ...>
32183 rt_sigprocmask(SIG_BLOCK, [RT_26],  <unfinished ...>
32185 <... stat resumed> 0x5629230c78c0) = -1 ENOENT (No such file or directory)
32184 mprotect(0x7f968d8fe000, 4096, PROT_READ <unfinished ...>
32183 <... rt_sigprocmask resumed> [], 8) = 0
32184 <... mprotect resumed> )          = 0
32185 stat("/tmp/eval-0vp_1AZr/jail",  <unfinished ...>
32184 munmap(0x7f969169e000, 351433 <unfinished ...>
32185 <... stat resumed> {st_mode=S_IFDIR|S_ISVTX|0777, st_size=220, ...}) = 0
32183 rt_sigaction(SIGRT_26, {sa_handler=0x562922da37e0, sa_mask=[], sa_flags=SA_RESTORER, sa_restorer=0x7f96912c80c0},  <unfinished ...>
32185 mkdir("/tmp/eval-0vp_1AZr/jail/dev", 0777 <unfinished ...>
32184 <... munmap resumed> )            = 0
32185 <... mkdir resumed> )             = 0
32183 <... rt_sigaction resumed> {sa_handler=0x562922da37e0, sa_mask=[], sa_flags=SA_RESTORER, sa_restorer=0x7f96912c80c0}, 8) = 0
32184 open("/etc/passwd", O_RDONLY|O_CLOEXEC <unfinished ...>
32183 rt_sigprocmask(SIG_SETMASK, [],  <unfinished ...>
32184 <... open resumed> )              = 6
32183 <... rt_sigprocmask resumed> NULL, 8) = 0
32184 lseek(6, 0, SEEK_CUR <unfinished ...>
32183 rt_sigprocmask(SIG_BLOCK, [RT_27],  <unfinished ...>
32184 <... lseek resumed> )             = 0
32183 <... rt_sigprocmask resumed> [], 8) = 0
32184 fstat(6,  <unfinished ...>
32183 rt_sigaction(SIGRT_27, {sa_handler=0x562922da37e0, sa_mask=[], sa_flags=SA_RESTORER, sa_restorer=0x7f96912c80c0},  <unfinished ...>
32185 mknod("/tmp/eval-0vp_1AZr/jail/dev/random", S_IFCHR|0666, makedev(1, 9) <unfinished ...>
32184 <... fstat resumed> {st_mode=S_IFREG|0644, st_size=3898, ...}) = 0
32185 <... mknod resumed> )             = 0
32184 mmap(NULL, 3898, PROT_READ, MAP_SHARED, 6, 0 <unfinished ...>
32183 <... rt_sigaction resumed> {sa_handler=0x562922da37e0, sa_mask=[], sa_flags=SA_RESTORER, sa_restorer=0x7f96912c80c0}, 8) = 0
32184 <... mmap resumed> )              = 0x7f96916f3000
32183 rt_sigprocmask(SIG_SETMASK, [],  <unfinished ...>
32184 lseek(6, 3898, SEEK_SET <unfinished ...>
32185 mknod("/tmp/eval-0vp_1AZr/jail/dev/null", S_IFCHR|0666, makedev(1, 3) <unfinished ...>
32184 <... lseek resumed> )             = 3898
32185 <... mknod resumed> )             = 0
32183 <... rt_sigprocmask resumed> NULL, 8) = 0
32182 close(6 <unfinished ...>
32184 munmap(0x7f96916f3000, 3898 <unfinished ...>
32183 rt_sigprocmask(SIG_BLOCK, [TRAP],  <unfinished ...>
32185 mknod("/tmp/eval-0vp_1AZr/jail/dev/urandom", S_IFCHR|0666, makedev(1, 9) <unfinished ...>
32184 <... munmap resumed> )            = 0
32185 <... mknod resumed> )             = 0
32184 close(6 <unfinished ...>
32185 chdir("/tmp/eval-0vp_1AZr/jail" <unfinished ...>
32184 <... close resumed> )             = 0
32185 <... chdir resumed> )             = 0
32183 <... rt_sigprocmask resumed> [], 8) = 0
32185 chroot("/tmp/eval-0vp_1AZr/jail" <unfinished ...>
32183 rt_sigaction(SIGTRAP, {sa_handler=0x562922da37e0, sa_mask=[], sa_flags=SA_RESTORER, sa_restorer=0x7f96912c80c0},  <unfinished ...>
32185 <... chroot resumed> )            = 0
32183 <... rt_sigaction resumed> {sa_handler=0x562922da37e0, sa_mask=[], sa_flags=SA_RESTORER, sa_restorer=0x7f96912c80c0}, 8) = 0
32182 <... close resumed> )             = 0
32183 rt_sigprocmask(SIG_SETMASK, [],  <unfinished ...>
32185 chdir("/eval" <unfinished ...>
32184 mmap(NULL, 4194304, PROT_READ|PROT_WRITE|PROT_EXEC, MAP_PRIVATE|MAP_ANONYMOUS|MAP_GROWSDOWN|MAP_STACK, -1, 0 <unfinished ...>
32185 <... chdir resumed> )             = 0
32184 <... mmap resumed> )              = 0x7f968d2f4000
32183 <... rt_sigprocmask resumed> NULL, 8) = 0
32182 mprotect(0x7f968db06000, 4096, PROT_READ <unfinished ...>
32184 clone( <unfinished ...>
32183 rt_sigprocmask(SIG_BLOCK, [RT_4],  <unfinished ...>
32182 <... mprotect resumed> )          = 0
32183 <... rt_sigprocmask resumed> [], 8) = 0
32182 munmap(0x7f969169e000, 351433 <unfinished ...>
32183 rt_sigaction(SIGRT_4, {sa_handler=0x562922da37e0, sa_mask=[], sa_flags=SA_RESTORER, sa_restorer=0x7f96912c80c0},  <unfinished ...>
32181 stat("/tmp",  <unfinished ...>
32183 <... rt_sigaction resumed> {sa_handler=0x562922da37e0, sa_mask=[], sa_flags=SA_RESTORER, sa_restorer=0x7f96912c80c0}, 8) = 0
32182 <... munmap resumed> )            = 0
32183 rt_sigprocmask(SIG_SETMASK, [],  <unfinished ...>
32181 <... stat resumed> {st_mode=S_IFDIR|S_ISVTX|0777, st_size=974848, ...}) = 0
32182 open("/etc/ld.so.cache", O_RDONLY|O_CLOEXEC <unfinished ...>
32183 <... rt_sigprocmask resumed> NULL, 8) = 0
32182 <... open resumed> )              = 6
32183 rt_sigprocmask(SIG_BLOCK, [TERM],  <unfinished ...>
32182 fstat(6,  <unfinished ...>
32183 <... rt_sigprocmask resumed> [], 8) = 0
32182 <... fstat resumed> {st_mode=S_IFREG|0644, st_size=351433, ...}) = 0
32183 rt_sigaction(SIGTERM, {sa_handler=0x562922da37e0, sa_mask=[], sa_flags=SA_RESTORER, sa_restorer=0x7f96912c80c0},  <unfinished ...>
32182 mmap(NULL, 351433, PROT_READ, MAP_PRIVATE, 6, 0 <unfinished ...>
32183 <... rt_sigaction resumed> {sa_handler=0x562922da37e0, sa_mask=[], sa_flags=SA_RESTORER, sa_restorer=0x7f96912c80c0}, 8) = 0
32182 <... mmap resumed> )              = 0x7f969169e000
32183 rt_sigprocmask(SIG_SETMASK, [],  <unfinished ...>
32182 close(6 <unfinished ...>
32183 <... rt_sigprocmask resumed> NULL, 8) = 0
32182 <... close resumed> )             = 0
32183 rt_sigprocmask(SIG_BLOCK, [RT_10],  <unfinished ...>
32185 stat("/home/ryan/perl5/perlbrew/perls/perl-5.24.0/lib/site_perl/5.24.0/x86_64-linux/auto/BSD/Resource/setrlimit.al",  <unfinished ...>
32183 <... rt_sigprocmask resumed> [], 8) = 0
32182 access("/etc/ld.so.nohwcap", F_OK <unfinished ...>
32185 <... stat resumed> {st_mode=S_IFREG|0444, st_size=423, ...}) = 0
32183 rt_sigaction(SIGRT_10, {sa_handler=0x562922da37e0, sa_mask=[], sa_flags=SA_RESTORER, sa_restorer=0x7f96912c80c0},  <unfinished ...>
32185 geteuid( <unfinished ...>
32183 <... rt_sigaction resumed> {sa_handler=0x562922da37e0, sa_mask=[], sa_flags=SA_RESTORER, sa_restorer=0x7f96912c80c0}, 8) = 0
32185 <... geteuid resumed> )           = 0
32183 rt_sigprocmask(SIG_SETMASK, [],  <unfinished ...>
32182 <... access resumed> )            = -1 ENOENT (No such file or directory)
32183 <... rt_sigprocmask resumed> NULL, 8) = 0
32181 geteuid( <unfinished ...>
32185 stat("/home/ryan/perl5/perlbrew/perls/perl-5.24.0/lib/site_perl/5.24.0/x86_64-linux/auto/BSD/Resource/setrlimit.al",  <unfinished ...>
32183 rt_sigprocmask(SIG_BLOCK, [IO],  <unfinished ...>
32185 <... stat resumed> {st_mode=S_IFREG|0444, st_size=423, ...}) = 0
32183 <... rt_sigprocmask resumed> [], 8) = 0
32185 open("/home/ryan/perl5/perlbrew/perls/perl-5.24.0/lib/site_perl/5.24.0/x86_64-linux/auto/BSD/Resource/setrlimit.al", O_RDONLY <unfinished ...>
32183 rt_sigaction(SIGIO, {sa_handler=0x562922da37e0, sa_mask=[], sa_flags=SA_RESTORER, sa_restorer=0x7f96912c80c0},  <unfinished ...>
32185 <... open resumed> )              = 6
32183 <... rt_sigaction resumed> {sa_handler=0x562922da37e0, sa_mask=[], sa_flags=SA_RESTORER, sa_restorer=0x7f96912c80c0}, 8) = 0
32185 ioctl(6, TCGETS <unfinished ...>
32182 open("/lib/x86_64-linux-gnu/libnss_nis.so.2", O_RDONLY|O_CLOEXEC <unfinished ...>
32185 <... ioctl resumed> , 0x7f968d6f3840) = -1 ENOTTY (Inappropriate ioctl for device)
32181 <... geteuid resumed> )           = 0
32185 lseek(6, 0, SEEK_CUR <unfinished ...>
32182 <... open resumed> )              = 6
32185 <... lseek resumed> )             = 0
32182 read(6,  <unfinished ...>
32183 rt_sigprocmask(SIG_SETMASK, [],  <unfinished ...>
32182 <... read resumed> "\177ELF\2\1\1\0\0\0\0\0\0\0\0\0\3\0>\0\1\0\0\0\340 \0\0\0\0\0\0"..., 832) = 832
32185 read(6,  <unfinished ...>
32183 <... rt_sigprocmask resumed> NULL, 8) = 0
32185 <... read resumed> "# NOTE: Derived from blib/lib/BS"..., 8192) = 423
32183 rt_sigprocmask(SIG_BLOCK, [RT_32],  <unfinished ...>
32182 fstat(6,  <unfinished ...>
32183 <... rt_sigprocmask resumed> [], 8) = 0
32182 <... fstat resumed> {st_mode=S_IFREG|0644, st_size=47688, ...}) = 0
32183 rt_sigaction(SIGRT_32, {sa_handler=0x562922da37e0, sa_mask=[], sa_flags=SA_RESTORER, sa_restorer=0x7f96912c80c0},  <unfinished ...>
32182 mmap(NULL, 2143656, PROT_READ|PROT_EXEC, MAP_PRIVATE|MAP_DENYWRITE, 6, 0 <unfinished ...>
32183 <... rt_sigaction resumed> {sa_handler=0x562922da37e0, sa_mask=[], sa_flags=SA_RESTORER, sa_restorer=0x7f96912c80c0}, 8) = 0
32182 <... mmap resumed> )              = 0x7f968d6f4000
32182 mprotect(0x7f968d6ff000, 2093056, PROT_NONE) = 0
32182 mmap(0x7f968d8fe000, 8192, PROT_READ|PROT_WRITE, MAP_PRIVATE|MAP_FIXED|MAP_DENYWRITE, 6, 0xa000) = 0x7f968d8fe000
32185 read(6,  <unfinished ...>
32183 rt_sigprocmask(SIG_SETMASK, [],  <unfinished ...>
32185 <... read resumed> "", 8192)      = 0
32183 <... rt_sigprocmask resumed> NULL, 8) = 0
32182 close(6 <unfinished ...>
32181 open("/dev/urandom", O_RDONLY <unfinished ...>
32183 rt_sigprocmask(SIG_BLOCK, [RT_31],  <unfinished ...>
32182 <... close resumed> )             = 0
32183 <... rt_sigprocmask resumed> [], 8) = 0
32181 <... open resumed> )              = 6
32185 stat("/home/ryan/perl5/perlbrew/perls/perl-5.24.0/lib/site_perl/5.24.0/x86_64-linux/auto/BSD/Resource/_find_rlimit.al",  <unfinished ...>
32183 rt_sigaction(SIGRT_31, {sa_handler=0x562922da37e0, sa_mask=[], sa_flags=SA_RESTORER, sa_restorer=0x7f96912c80c0},  <unfinished ...>
32185 <... stat resumed> {st_mode=S_IFREG|0444, st_size=591, ...}) = 0
32183 <... rt_sigaction resumed> {sa_handler=0x562922da37e0, sa_mask=[], sa_flags=SA_RESTORER, sa_restorer=0x7f96912c80c0}, 8) = 0
32185 geteuid( <unfinished ...>
32183 rt_sigprocmask(SIG_SETMASK, [],  <unfinished ...>
32185 <... geteuid resumed> )           = 0
32183 <... rt_sigprocmask resumed> NULL, 8) = 0
32182 mprotect(0x7f968d8fe000, 4096, PROT_READ <unfinished ...>
32181 read(6,  <unfinished ...>
32182 <... mprotect resumed> )          = 0
32185 stat("/home/ryan/perl5/perlbrew/perls/perl-5.24.0/lib/site_perl/5.24.0/x86_64-linux/auto/BSD/Resource/_find_rlimit.al",  <unfinished ...>
32183 rt_sigprocmask(SIG_BLOCK, [ALRM],  <unfinished ...>
32185 <... stat resumed> {st_mode=S_IFREG|0444, st_size=591, ...}) = 0
32183 <... rt_sigprocmask resumed> [], 8) = 0
32185 open("/home/ryan/perl5/perlbrew/perls/perl-5.24.0/lib/site_perl/5.24.0/x86_64-linux/auto/BSD/Resource/_find_rlimit.al", O_RDONLY <unfinished ...>
32183 rt_sigaction(SIGALRM, {sa_handler=0x562922da37e0, sa_mask=[], sa_flags=SA_RESTORER, sa_restorer=0x7f96912c80c0},  <unfinished ...>
32185 <... open resumed> )              = 7
32183 <... rt_sigaction resumed> {sa_handler=0x562922da37e0, sa_mask=[], sa_flags=SA_RESTORER, sa_restorer=0x7f96912c80c0}, 8) = 0
32185 ioctl(7, TCGETS <unfinished ...>
32183 rt_sigprocmask(SIG_SETMASK, [],  <unfinished ...>
32185 <... ioctl resumed> , 0x7f968d6f3840) = -1 ENOTTY (Inappropriate ioctl for device)
32183 <... rt_sigprocmask resumed> NULL, 8) = 0
32185 lseek(7, 0, SEEK_CUR <unfinished ...>
32183 rt_sigprocmask(SIG_BLOCK, [RT_23],  <unfinished ...>
32185 <... lseek resumed> )             = 0
32183 <... rt_sigprocmask resumed> [], 8) = 0
32185 read(7,  <unfinished ...>
32183 rt_sigaction(SIGRT_23, {sa_handler=0x562922da37e0, sa_mask=[], sa_flags=SA_RESTORER, sa_restorer=0x7f96912c80c0},  <unfinished ...>
32185 <... read resumed> "# NOTE: Derived from blib/lib/BS"..., 8192) = 591
32183 <... rt_sigaction resumed> {sa_handler=0x562922da37e0, sa_mask=[], sa_flags=SA_RESTORER, sa_restorer=0x7f96912c80c0}, 8) = 0
32182 munmap(0x7f969169e000, 351433 <unfinished ...>
32183 rt_sigprocmask(SIG_SETMASK, [],  <unfinished ...>
32181 <... read resumed> "\v\352\304\314", 4) = 4
32183 <... rt_sigprocmask resumed> NULL, 8) = 0
32182 <... munmap resumed> )            = 0
32181 close(6 <unfinished ...>
32183 rt_sigprocmask(SIG_BLOCK, [STOP],  <unfinished ...>
32181 <... close resumed> )             = 0
32183 <... rt_sigprocmask resumed> [], 8) = 0
32183 rt_sigaction(SIGSTOP, {sa_handler=0x562922da37e0, sa_mask=[], sa_flags=SA_RESTORER, sa_restorer=0x7f96912c80c0},  <unfinished ...>
32182 open("/etc/passwd", O_RDONLY|O_CLOEXEC <unfinished ...>
32183 <... rt_sigaction resumed> 0x7ffdcafb4f20, 8) = -1 EINVAL (Invalid argument)
32182 <... open resumed> )              = 6
32184 <... clone resumed> child_stack=0x7f968d6f3fe0, flags=CLONE_NEWNS|CLONE_SYSVSEM|CLONE_NEWUTS|CLONE_NEWPID|SIGCHLD) = 32186
32183 rt_sigprocmask(SIG_SETMASK, [],  <unfinished ...>
32182 lseek(6, 0, SEEK_CUR <unfinished ...>
32184 munmap(0x7f968d6f3ff0, 4194304 <unfinished ...>
32183 <... rt_sigprocmask resumed> NULL, 8) = 0
32184 <... munmap resumed> )            = -1 EINVAL (Invalid argument)
32183 rt_sigprocmask(SIG_BLOCK, [RT_8],  <unfinished ...>
32182 <... lseek resumed> )             = 0
32183 <... rt_sigprocmask resumed> [], 8) = 0
32185 read(7,  <unfinished ...>
32183 rt_sigaction(SIGRT_8, {sa_handler=0x562922da37e0, sa_mask=[], sa_flags=SA_RESTORER, sa_restorer=0x7f96912c80c0},  <unfinished ...>
32185 <... read resumed> "", 8192)      = 0
32183 <... rt_sigaction resumed> {sa_handler=0x562922da37e0, sa_mask=[], sa_flags=SA_RESTORER, sa_restorer=0x7f96912c80c0}, 8) = 0
32182 fstat(6,  <unfinished ...>
32183 rt_sigprocmask(SIG_SETMASK, [],  <unfinished ...>
32182 <... fstat resumed> {st_mode=S_IFREG|0644, st_size=3898, ...}) = 0
32183 <... rt_sigprocmask resumed> NULL, 8) = 0
32182 mmap(NULL, 3898, PROT_READ, MAP_SHARED, 6, 0 <unfinished ...>
32185 setrlimit(RLIMIT_AS, {rlim_cur=768000*1024, rlim_max=768000*1024} <unfinished ...>
32183 rt_sigprocmask(SIG_BLOCK, [RT_20],  <unfinished ...>
32185 <... setrlimit resumed> )         = 0
32183 <... rt_sigprocmask resumed> [], 8) = 0
32182 <... mmap resumed> )              = 0x7f96916f3000
32183 rt_sigaction(SIGRT_20, {sa_handler=0x562922da37e0, sa_mask=[], sa_flags=SA_RESTORER, sa_restorer=0x7f96912c80c0},  <unfinished ...>
32182 lseek(6, 3898, SEEK_SET <unfinished ...>
32183 <... rt_sigaction resumed> {sa_handler=0x562922da37e0, sa_mask=[], sa_flags=SA_RESTORER, sa_restorer=0x7f96912c80c0}, 8) = 0
32182 <... lseek resumed> )             = 3898
32183 rt_sigprocmask(SIG_SETMASK, [],  <unfinished ...>
32181 stat("/tmp",  <unfinished ...>
32183 <... rt_sigprocmask resumed> NULL, 8) = 0
32182 munmap(0x7f96916f3000, 3898 <unfinished ...>
32183 rt_sigprocmask(SIG_BLOCK, [RT_1],  <unfinished ...>
32185 setrlimit(RLIMIT_AS, {rlim_cur=768000*1024, rlim_max=768000*1024} <unfinished ...>
32183 <... rt_sigprocmask resumed> [], 8) = 0
32185 <... setrlimit resumed> )         = 0
32183 rt_sigprocmask(SIG_SETMASK, [],  <unfinished ...>
32182 <... munmap resumed> )            = 0
32183 <... rt_sigprocmask resumed> NULL, 8) = 0
32182 close(6 <unfinished ...>
32183 rt_sigprocmask(SIG_BLOCK, [PWR],  <unfinished ...>
32182 <... close resumed> )             = 0
32183 <... rt_sigprocmask resumed> [], 8) = 0
32181 <... stat resumed> {st_mode=S_IFDIR|S_ISVTX|0777, st_size=974848, ...}) = 0
32185 setrlimit(RLIMIT_DATA, {rlim_cur=512000*1024, rlim_max=512000*1024} <unfinished ...>
32184 rt_sigprocmask(SIG_BLOCK, [URG],  <unfinished ...>
32185 <... setrlimit resumed> )         = 0
32184 <... rt_sigprocmask resumed> [], 8) = 0
32183 brk(0x562924cf5000 <unfinished ...>
32184 rt_sigaction(SIGURG, {sa_handler=0x562922da37e0, sa_mask=[], sa_flags=SA_RESTORER, sa_restorer=0x7f96912c80c0},  <unfinished ...>
32183 <... brk resumed> )               = 0x562924cf5000
32184 <... rt_sigaction resumed> {sa_handler=0x562922da37e0, sa_mask=[], sa_flags=SA_RESTORER, sa_restorer=0x7f96912c80c0}, 8) = 0
32183 rt_sigaction(SIGPWR, {sa_handler=0x562922da37e0, sa_mask=[], sa_flags=SA_RESTORER, sa_restorer=0x7f96912c80c0},  <unfinished ...>
32185 setrlimit(RLIMIT_STACK, {rlim_cur=30720*1024, rlim_max=30720*1024} <unfinished ...>
32184 rt_sigprocmask(SIG_SETMASK, [],  <unfinished ...>
32185 <... setrlimit resumed> )         = 0
32184 <... rt_sigprocmask resumed> NULL, 8) = 0
32183 <... rt_sigaction resumed> {sa_handler=0x562922da37e0, sa_mask=[], sa_flags=SA_RESTORER, sa_restorer=0x7f96912c80c0}, 8) = 0
32184 rt_sigprocmask(SIG_BLOCK, [WINCH],  <unfinished ...>
32183 rt_sigprocmask(SIG_SETMASK, [],  <unfinished ...>
32184 <... rt_sigprocmask resumed> [], 8) = 0
32183 <... rt_sigprocmask resumed> NULL, 8) = 0
32185 setrlimit(RLIMIT_NPROC, {rlim_cur=20, rlim_max=20} <unfinished ...>
32184 rt_sigaction(SIGWINCH, {sa_handler=0x562922da37e0, sa_mask=[], sa_flags=SA_RESTORER, sa_restorer=0x7f96912c80c0},  <unfinished ...>
32185 <... setrlimit resumed> )         = 0
32184 <... rt_sigaction resumed> {sa_handler=0x562922da37e0, sa_mask=[], sa_flags=SA_RESTORER, sa_restorer=0x7f96912c80c0}, 8) = 0
32183 brk(0x562924cf4000 <unfinished ...>
32184 rt_sigprocmask(SIG_SETMASK, [],  <unfinished ...>
32182 mmap(NULL, 4194304, PROT_READ|PROT_WRITE|PROT_EXEC, MAP_PRIVATE|MAP_ANONYMOUS|MAP_GROWSDOWN|MAP_STACK, -1, 0 <unfinished ...>
32184 <... rt_sigprocmask resumed> NULL, 8) = 0
32183 <... brk resumed> )               = 0x562924cf4000
32185 setrlimit(RLIMIT_NOFILE, {rlim_cur=30, rlim_max=30} <unfinished ...>
32184 rt_sigprocmask(SIG_BLOCK, [INT],  <unfinished ...>
32185 <... setrlimit resumed> )         = 0
32184 <... rt_sigprocmask resumed> [], 8) = 0
32183 rt_sigprocmask(SIG_BLOCK, [ILL],  <unfinished ...>
32184 rt_sigaction(SIGINT, {sa_handler=0x562922da37e0, sa_mask=[], sa_flags=SA_RESTORER, sa_restorer=0x7f96912c80c0},  <unfinished ...>
32183 <... rt_sigprocmask resumed> [], 8) = 0
32184 <... rt_sigaction resumed> {sa_handler=0x562922da37e0, sa_mask=[], sa_flags=SA_RESTORER, sa_restorer=0x7f96912c80c0}, 8) = 0
32183 rt_sigaction(SIGILL, {sa_handler=0x562922da37e0, sa_mask=[], sa_flags=SA_RESTORER, sa_restorer=0x7f96912c80c0},  <unfinished ...>
32185 setrlimit(RLIMIT_NOFILE, {rlim_cur=30, rlim_max=30} <unfinished ...>
32184 rt_sigprocmask(SIG_SETMASK, [],  <unfinished ...>
32185 <... setrlimit resumed> )         = 0
32184 <... rt_sigprocmask resumed> NULL, 8) = 0
32183 <... rt_sigaction resumed> {sa_handler=0x562922da37e0, sa_mask=[], sa_flags=SA_RESTORER, sa_restorer=0x7f96912c80c0}, 8) = 0
32184 rt_sigprocmask(SIG_BLOCK, [RT_7],  <unfinished ...>
32183 rt_sigprocmask(SIG_SETMASK, [],  <unfinished ...>
32184 <... rt_sigprocmask resumed> [], 8) = 0
32183 <... rt_sigprocmask resumed> NULL, 8) = 0
32185 setrlimit(RLIMIT_NOFILE, {rlim_cur=30, rlim_max=30} <unfinished ...>
32184 rt_sigaction(SIGRT_7, {sa_handler=0x562922da37e0, sa_mask=[], sa_flags=SA_RESTORER, sa_restorer=0x7f96912c80c0},  <unfinished ...>
32185 <... setrlimit resumed> )         = 0
32184 <... rt_sigaction resumed> {sa_handler=0x562922da37e0, sa_mask=[], sa_flags=SA_RESTORER, sa_restorer=0x7f96912c80c0}, 8) = 0
32183 rt_sigprocmask(SIG_BLOCK, [RT_14],  <unfinished ...>
32184 rt_sigprocmask(SIG_SETMASK, [],  <unfinished ...>
32183 <... rt_sigprocmask resumed> [], 8) = 0
32184 <... rt_sigprocmask resumed> NULL, 8) = 0
32185 setrlimit(RLIMIT_LOCKS, {rlim_cur=5, rlim_max=5} <unfinished ...>
32184 rt_sigprocmask(SIG_BLOCK, [BUS],  <unfinished ...>
32185 <... setrlimit resumed> )         = 0
32184 <... rt_sigprocmask resumed> [], 8) = 0
