32184 <... rt_sigprocmask resumed> [], 8) = 0
32183 stat("/home/ryan/perl5/perlbrew/perls/perl-5.24.0/lib/site_perl/5.24.0/File/Path.pmc",  <unfinished ...>
32184 rt_sigaction(SIGABRT, {sa_handler=0x562922da37e0, sa_mask=[], sa_flags=SA_RESTORER, sa_restorer=0x7f96912c80c0},  <unfinished ...>
32183 <... stat resumed> 0x7ffdcafb4ba0) = -1 ENOENT (No such file or directory)
32184 <... rt_sigaction resumed> {sa_handler=0x562922da37e0, sa_mask=[], sa_flags=SA_RESTORER, sa_restorer=0x7f96912c80c0}, 8) = 0
32183 stat("/home/ryan/perl5/perlbrew/perls/perl-5.24.0/lib/site_perl/5.24.0/File/Path.pm",  <unfinished ...>
32184 rt_sigprocmask(SIG_SETMASK, [],  <unfinished ...>
32183 <... stat resumed> 0x7ffdcafb4ba0) = -1 ENOENT (No such file or directory)
32184 <... rt_sigprocmask resumed> NULL, 8) = 0
32183 stat("/home/ryan/perl5/perlbrew/perls/perl-5.24.0/lib/5.24.0/x86_64-linux/File/Path.pmc",  <unfinished ...>
32184 rt_sigprocmask(SIG_BLOCK, [CHLD],  <unfinished ...>
32183 <... stat resumed> 0x7ffdcafb4ba0) = -1 ENOENT (No such file or directory)
32184 <... rt_sigprocmask resumed> [], 8) = 0
32183 stat("/home/ryan/perl5/perlbrew/perls/perl-5.24.0/lib/5.24.0/x86_64-linux/File/Path.pm",  <unfinished ...>
32184 rt_sigaction(SIGCHLD, {sa_handler=0x562922da37e0, sa_mask=[], sa_flags=SA_RESTORER, sa_restorer=0x7f96912c80c0},  <unfinished ...>
32183 <... stat resumed> 0x7ffdcafb4ba0) = -1 ENOENT (No such file or directory)
32184 <... rt_sigaction resumed> {sa_handler=SIG_DFL, sa_mask=[], sa_flags=SA_RESTORER, sa_restorer=0x7f96912c80c0}, 8) = 0
32183 stat("/home/ryan/perl5/perlbrew/perls/perl-5.24.0/lib/5.24.0/File/Path.pmc",  <unfinished ...>
32184 rt_sigprocmask(SIG_SETMASK, [],  <unfinished ...>
32183 <... stat resumed> 0x7ffdcafb4ba0) = -1 ENOENT (No such file or directory)
32184 <... rt_sigprocmask resumed> NULL, 8) = 0
32183 stat("/home/ryan/perl5/perlbrew/perls/perl-5.24.0/lib/5.24.0/File/Path.pm",  <unfinished ...>
32184 rt_sigprocmask(SIG_BLOCK, [RT_17],  <unfinished ...>
32183 <... stat resumed> {st_mode=S_IFREG|0444, st_size=38514, ...}) = 0
32184 <... rt_sigprocmask resumed> [], 8) = 0
32183 open("/home/ryan/perl5/perlbrew/perls/perl-5.24.0/lib/5.24.0/File/Path.pm", O_RDONLY <unfinished ...>
32184 rt_sigaction(SIGRT_17, {sa_handler=0x562922da37e0, sa_mask=[], sa_flags=SA_RESTORER, sa_restorer=0x7f96912c80c0},  <unfinished ...>
32183 <... open resumed> )              = 4
32184 <... rt_sigaction resumed> {sa_handler=SIG_DFL, sa_mask=[], sa_flags=0}, 8) = 0
32183 ioctl(4, TCGETS <unfinished ...>
32184 rt_sigprocmask(SIG_SETMASK, [],  <unfinished ...>
32183 <... ioctl resumed> , 0x7ffdcafb4990) = -1 ENOTTY (Inappropriate ioctl for device)
32184 <... rt_sigprocmask resumed> NULL, 8) = 0
32183 lseek(4, 0, SEEK_CUR <unfinished ...>
32184 rt_sigprocmask(SIG_BLOCK, [RT_9],  <unfinished ...>
32183 <... lseek resumed> )             = 0
32184 <... rt_sigprocmask resumed> [], 8) = 0
32182 <... rt_sigprocmask resumed> [], 8) = 0
32184 rt_sigaction(SIGRT_9, {sa_handler=0x562922da37e0, sa_mask=[], sa_flags=SA_RESTORER, sa_restorer=0x7f96912c80c0},  <unfinished ...>
32182 rt_sigaction(SIGINT, {sa_handler=0x562922da37e0, sa_mask=[], sa_flags=SA_RESTORER, sa_restorer=0x7f96912c80c0},  <unfinished ...>
32184 <... rt_sigaction resumed> {sa_handler=SIG_DFL, sa_mask=[], sa_flags=0}, 8) = 0
32183 read(4,  <unfinished ...>
32184 rt_sigprocmask(SIG_SETMASK, [],  <unfinished ...>
32183 <... read resumed> "package File::Path;\n\nuse 5.005_0"..., 8192) = 8192
32184 <... rt_sigprocmask resumed> NULL, 8) = 0
32182 <... rt_sigaction resumed> {sa_handler=SIG_DFL, sa_mask=[], sa_flags=0}, 8) = 0
32184 rt_sigprocmask(SIG_BLOCK, [RT_29],  <unfinished ...>
32182 rt_sigprocmask(SIG_SETMASK, [],  <unfinished ...>
32184 <... rt_sigprocmask resumed> [], 8) = 0
32182 <... rt_sigprocmask resumed> NULL, 8) = 0
32184 rt_sigaction(SIGRT_29, {sa_handler=0x562922da37e0, sa_mask=[], sa_flags=SA_RESTORER, sa_restorer=0x7f96912c80c0},  <unfinished ...>
32181 <... rt_sigaction resumed> {sa_handler=SIG_DFL, sa_mask=[], sa_flags=0}, 8) = 0
32184 <... rt_sigaction resumed> {sa_handler=SIG_DFL, sa_mask=[], sa_flags=0}, 8) = 0
32181 rt_sigprocmask(SIG_SETMASK, [],  <unfinished ...>
32184 rt_sigprocmask(SIG_SETMASK, [],  <unfinished ...>
32181 <... rt_sigprocmask resumed> NULL, 8) = 0
32184 <... rt_sigprocmask resumed> NULL, 8) = 0
32184 rt_sigprocmask(SIG_BLOCK, [IO],  <unfinished ...>
32181 rt_sigprocmask(SIG_BLOCK, [URG],  <unfinished ...>
32184 <... rt_sigprocmask resumed> [], 8) = 0
32181 <... rt_sigprocmask resumed> [], 8) = 0
32184 rt_sigaction(SIGIO, {sa_handler=0x562922da37e0, sa_mask=[], sa_flags=SA_RESTORER, sa_restorer=0x7f96912c80c0},  <unfinished ...>
32181 rt_sigaction(SIGURG, {sa_handler=0x562922da37e0, sa_mask=[], sa_flags=SA_RESTORER, sa_restorer=0x7f96912c80c0},  <unfinished ...>
32184 <... rt_sigaction resumed> {sa_handler=0x562922da37e0, sa_mask=[], sa_flags=SA_RESTORER, sa_restorer=0x7f96912c80c0}, 8) = 0
32181 <... rt_sigaction resumed> {sa_handler=SIG_DFL, sa_mask=[], sa_flags=0}, 8) = 0
32184 rt_sigprocmask(SIG_SETMASK, [],  <unfinished ...>
32181 rt_sigprocmask(SIG_SETMASK, [],  <unfinished ...>
32184 <... rt_sigprocmask resumed> NULL, 8) = 0
32181 <... rt_sigprocmask resumed> NULL, 8) = 0
32184 rt_sigprocmask(SIG_BLOCK, [XCPU],  <unfinished ...>
32181 rt_sigprocmask(SIG_BLOCK, [WINCH],  <unfinished ...>
32184 <... rt_sigprocmask resumed> [], 8) = 0
32182 stat("/mnt/mintdisk/home/ryan/workspace/evalserver-async/bin/../lib/File/Temp.pmc",  <unfinished ...>
32184 rt_sigaction(SIGXCPU, {sa_handler=0x562922da37e0, sa_mask=[], sa_flags=SA_RESTORER, sa_restorer=0x7f96912c80c0},  <unfinished ...>
32182 <... stat resumed> 0x7ffdcafb51b0) = -1 ENOENT (No such file or directory)
32184 <... rt_sigaction resumed> {sa_handler=SIG_DFL, sa_mask=[], sa_flags=0}, 8) = 0
32182 stat("/mnt/mintdisk/home/ryan/workspace/evalserver-async/bin/../lib/File/Temp.pm",  <unfinished ...>
32184 rt_sigprocmask(SIG_SETMASK, [],  <unfinished ...>
32182 <... stat resumed> 0x7ffdcafb51b0) = -1 ENOENT (No such file or directory)
32184 <... rt_sigprocmask resumed> NULL, 8) = 0
32182 stat("/home/ryan/perl5/perlbrew/perls/perl-5.24.0/lib/site_perl/5.24.0/x86_64-linux/File/Temp.pmc",  <unfinished ...>
32184 rt_sigprocmask(SIG_BLOCK, [TSTP],  <unfinished ...>
32182 <... stat resumed> 0x7ffdcafb51b0) = -1 ENOENT (No such file or directory)
32184 <... rt_sigprocmask resumed> [], 8) = 0
32182 stat("/home/ryan/perl5/perlbrew/perls/perl-5.24.0/lib/site_perl/5.24.0/x86_64-linux/File/Temp.pm",  <unfinished ...>
32184 rt_sigaction(SIGTSTP, {sa_handler=0x562922da37e0, sa_mask=[], sa_flags=SA_RESTORER, sa_restorer=0x7f96912c80c0},  <unfinished ...>
32182 <... stat resumed> 0x7ffdcafb51b0) = -1 ENOENT (No such file or directory)
32184 <... rt_sigaction resumed> {sa_handler=SIG_DFL, sa_mask=[], sa_flags=0}, 8) = 0
32182 stat("/home/ryan/perl5/perlbrew/perls/perl-5.24.0/lib/site_perl/5.24.0/File/Temp.pmc",  <unfinished ...>
32184 rt_sigprocmask(SIG_SETMASK, [],  <unfinished ...>
32182 <... stat resumed> 0x7ffdcafb51b0) = -1 ENOENT (No such file or directory)
32184 <... rt_sigprocmask resumed> NULL, 8) = 0
32182 stat("/home/ryan/perl5/perlbrew/perls/perl-5.24.0/lib/site_perl/5.24.0/File/Temp.pm",  <unfinished ...>
32184 rt_sigprocmask(SIG_BLOCK, [USR2],  <unfinished ...>
32182 <... stat resumed> 0x7ffdcafb51b0) = -1 ENOENT (No such file or directory)
32184 <... rt_sigprocmask resumed> [], 8) = 0
32182 stat("/home/ryan/perl5/perlbrew/perls/perl-5.24.0/lib/5.24.0/x86_64-linux/File/Temp.pmc",  <unfinished ...>
32184 rt_sigaction(SIGUSR2, {sa_handler=0x562922da37e0, sa_mask=[], sa_flags=SA_RESTORER, sa_restorer=0x7f96912c80c0},  <unfinished ...>
32182 <... stat resumed> 0x7ffdcafb51b0) = -1 ENOENT (No such file or directory)
32184 <... rt_sigaction resumed> {sa_handler=SIG_DFL, sa_mask=[], sa_flags=0}, 8) = 0
32182 stat("/home/ryan/perl5/perlbrew/perls/perl-5.24.0/lib/5.24.0/x86_64-linux/File/Temp.pm",  <unfinished ...>
32184 rt_sigprocmask(SIG_SETMASK, [],  <unfinished ...>
32182 <... stat resumed> 0x7ffdcafb51b0) = -1 ENOENT (No such file or directory)
32184 <... rt_sigprocmask resumed> NULL, 8) = 0
32182 stat("/home/ryan/perl5/perlbrew/perls/perl-5.24.0/lib/5.24.0/File/Temp.pmc",  <unfinished ...>
32184 rt_sigprocmask(SIG_BLOCK, [RT_21],  <unfinished ...>
32182 <... stat resumed> 0x7ffdcafb51b0) = -1 ENOENT (No such file or directory)
32184 <... rt_sigprocmask resumed> [], 8) = 0
32182 stat("/home/ryan/perl5/perlbrew/perls/perl-5.24.0/lib/5.24.0/File/Temp.pm",  <unfinished ...>
32184 rt_sigaction(SIGRT_21, {sa_handler=0x562922da37e0, sa_mask=[], sa_flags=SA_RESTORER, sa_restorer=0x7f96912c80c0},  <unfinished ...>
32182 <... stat resumed> {st_mode=S_IFREG|0444, st_size=78940, ...}) = 0
32184 <... rt_sigaction resumed> {sa_handler=SIG_DFL, sa_mask=[], sa_flags=0}, 8) = 0
32182 open("/home/ryan/perl5/perlbrew/perls/perl-5.24.0/lib/5.24.0/File/Temp.pm", O_RDONLY <unfinished ...>
32184 rt_sigprocmask(SIG_SETMASK, [],  <unfinished ...>
32182 <... open resumed> )              = 3
32184 <... rt_sigprocmask resumed> NULL, 8) = 0
32182 ioctl(3, TCGETS <unfinished ...>
32184 rt_sigprocmask(SIG_BLOCK, [RT_6],  <unfinished ...>
32182 <... ioctl resumed> , 0x7ffdcafb4fa0) = -1 ENOTTY (Inappropriate ioctl for device)
32184 <... rt_sigprocmask resumed> [], 8) = 0
32182 lseek(3, 0, SEEK_CUR <unfinished ...>
32184 rt_sigaction(SIGRT_6, {sa_handler=0x562922da37e0, sa_mask=[], sa_flags=SA_RESTORER, sa_restorer=0x7f96912c80c0},  <unfinished ...>
32182 <... lseek resumed> )             = 0
32184 <... rt_sigaction resumed> {sa_handler=SIG_DFL, sa_mask=[], sa_flags=0}, 8) = 0
32181 <... rt_sigprocmask resumed> [], 8) = 0
32184 rt_sigprocmask(SIG_SETMASK, [],  <unfinished ...>
32181 rt_sigaction(SIGWINCH, {sa_handler=0x562922da37e0, sa_mask=[], sa_flags=SA_RESTORER, sa_restorer=0x7f96912c80c0},  <unfinished ...>
32184 <... rt_sigprocmask resumed> NULL, 8) = 0
32181 <... rt_sigaction resumed> {sa_handler=SIG_DFL, sa_mask=[], sa_flags=0}, 8) = 0
32184 rt_sigprocmask(SIG_BLOCK, [SEGV],  <unfinished ...>
32182 read(3,  <unfinished ...>
32184 <... rt_sigprocmask resumed> [], 8) = 0
32182 <... read resumed> "package File::Temp;\n# ABSTRACT: "..., 8192) = 8192
32184 rt_sigaction(SIGSEGV, {sa_handler=0x562922da37e0, sa_mask=[], sa_flags=SA_RESTORER, sa_restorer=0x7f96912c80c0},  <unfinished ...>
32181 rt_sigprocmask(SIG_SETMASK, [],  <unfinished ...>
32184 <... rt_sigaction resumed> {sa_handler=SIG_DFL, sa_mask=[], sa_flags=0}, 8) = 0
32181 <... rt_sigprocmask resumed> NULL, 8) = 0
32184 rt_sigprocmask(SIG_SETMASK, [], NULL, 8) = 0
32181 rt_sigprocmask(SIG_BLOCK, [INT],  <unfinished ...>
32184 rt_sigprocmask(SIG_BLOCK, [QUIT],  <unfinished ...>
32181 <... rt_sigprocmask resumed> [], 8) = 0
32184 <... rt_sigprocmask resumed> [], 8) = 0
32181 rt_sigaction(SIGINT, {sa_handler=0x562922da37e0, sa_mask=[], sa_flags=SA_RESTORER, sa_restorer=0x7f96912c80c0},  <unfinished ...>
32184 rt_sigaction(SIGQUIT, {sa_handler=0x562922da37e0, sa_mask=[], sa_flags=SA_RESTORER, sa_restorer=0x7f96912c80c0},  <unfinished ...>
32181 <... rt_sigaction resumed> {sa_handler=SIG_DFL, sa_mask=[], sa_flags=0}, 8) = 0
32184 <... rt_sigaction resumed> {sa_handler=SIG_DFL, sa_mask=[], sa_flags=0}, 8) = 0
32181 rt_sigprocmask(SIG_SETMASK, [],  <unfinished ...>
32184 rt_sigprocmask(SIG_SETMASK, [],  <unfinished ...>
32181 <... rt_sigprocmask resumed> NULL, 8) = 0
32184 <... rt_sigprocmask resumed> NULL, 8) = 0
32184 rt_sigprocmask(SIG_BLOCK, [PIPE], [], 8) = 0
32184 rt_sigaction(SIGPIPE, {sa_handler=0x562922da37e0, sa_mask=[], sa_flags=SA_RESTORER, sa_restorer=0x7f96912c80c0},  <unfinished ...>
32183 brk(0x562924c2d000 <unfinished ...>
32184 <... rt_sigaction resumed> {sa_handler=SIG_IGN, sa_mask=[], sa_flags=SA_RESTORER, sa_restorer=0x7f96912c80c0}, 8) = 0
32183 <... brk resumed> )               = 0x562924c2d000
32184 rt_sigprocmask(SIG_SETMASK, [], NULL, 8) = 0
32184 rt_sigprocmask(SIG_BLOCK, [RT_5], [], 8) = 0
32184 rt_sigaction(SIGRT_5, {sa_handler=0x562922da37e0, sa_mask=[], sa_flags=SA_RESTORER, sa_restorer=0x7f96912c80c0}, {sa_handler=SIG_DFL, sa_mask=[], sa_flags=0}, 8) = 0
32184 rt_sigprocmask(SIG_SETMASK, [],  <unfinished ...>
32181 stat("/mnt/mintdisk/home/ryan/workspace/evalserver-async/bin/../lib/File/Temp.pmc",  <unfinished ...>
32184 <... rt_sigprocmask resumed> NULL, 8) = 0
32184 rt_sigprocmask(SIG_BLOCK, [RTMIN],  <unfinished ...>
32181 <... stat resumed> 0x7ffdcafb51b0) = -1 ENOENT (No such file or directory)
32184 <... rt_sigprocmask resumed> [], 8) = 0
32181 stat("/mnt/mintdisk/home/ryan/workspace/evalserver-async/bin/../lib/File/Temp.pm",  <unfinished ...>
32184 rt_sigprocmask(SIG_SETMASK, [],  <unfinished ...>
32181 <... stat resumed> 0x7ffdcafb51b0) = -1 ENOENT (No such file or directory)
32184 <... rt_sigprocmask resumed> NULL, 8) = 0
32181 stat("/home/ryan/perl5/perlbrew/perls/perl-5.24.0/lib/site_perl/5.24.0/x86_64-linux/File/Temp.pmc",  <unfinished ...>
32184 rt_sigprocmask(SIG_BLOCK, [STKFLT], [], 8) = 0
32181 <... stat resumed> 0x7ffdcafb51b0) = -1 ENOENT (No such file or directory)
32184 rt_sigaction(SIGSTKFLT, {sa_handler=0x562922da37e0, sa_mask=[], sa_flags=SA_RESTORER, sa_restorer=0x7f96912c80c0},  <unfinished ...>
32181 stat("/home/ryan/perl5/perlbrew/perls/perl-5.24.0/lib/site_perl/5.24.0/x86_64-linux/File/Temp.pm", 0x7ffdcafb51b0) = -1 ENOENT (No such file or directory)
32184 <... rt_sigaction resumed> {sa_handler=SIG_DFL, sa_mask=[], sa_flags=0}, 8) = 0
32181 stat("/home/ryan/perl5/perlbrew/perls/perl-5.24.0/lib/site_perl/5.24.0/File/Temp.pmc",  <unfinished ...>
32184 rt_sigprocmask(SIG_SETMASK, [],  <unfinished ...>
32181 <... stat resumed> 0x7ffdcafb51b0) = -1 ENOENT (No such file or directory)
32184 <... rt_sigprocmask resumed> NULL, 8) = 0
32181 stat("/home/ryan/perl5/perlbrew/perls/perl-5.24.0/lib/site_perl/5.24.0/File/Temp.pm",  <unfinished ...>
32184 rt_sigprocmask(SIG_BLOCK, [RT_2],  <unfinished ...>
32181 <... stat resumed> 0x7ffdcafb51b0) = -1 ENOENT (No such file or directory)
32184 <... rt_sigprocmask resumed> [], 8) = 0
32181 stat("/home/ryan/perl5/perlbrew/perls/perl-5.24.0/lib/5.24.0/x86_64-linux/File/Temp.pmc",  <unfinished ...>
32184 rt_sigaction(SIGRT_2, {sa_handler=0x562922da37e0, sa_mask=[], sa_flags=SA_RESTORER, sa_restorer=0x7f96912c80c0},  <unfinished ...>
32181 <... stat resumed> 0x7ffdcafb51b0) = -1 ENOENT (No such file or directory)
32184 <... rt_sigaction resumed> {sa_handler=SIG_DFL, sa_mask=[], sa_flags=0}, 8) = 0
32181 stat("/home/ryan/perl5/perlbrew/perls/perl-5.24.0/lib/5.24.0/x86_64-linux/File/Temp.pm",  <unfinished ...>
32184 rt_sigprocmask(SIG_SETMASK, [],  <unfinished ...>
32182 stat("/mnt/mintdisk/home/ryan/workspace/evalserver-async/bin/../lib/File/Path.pmc",  <unfinished ...>
32184 <... rt_sigprocmask resumed> NULL, 8) = 0
32182 <... stat resumed> 0x7ffdcafb4ba0) = -1 ENOENT (No such file or directory)
32184 rt_sigprocmask(SIG_BLOCK, [CHLD],  <unfinished ...>
32182 stat("/mnt/mintdisk/home/ryan/workspace/evalserver-async/bin/../lib/File/Path.pm",  <unfinished ...>
32184 <... rt_sigprocmask resumed> [], 8) = 0
32182 <... stat resumed> 0x7ffdcafb4ba0) = -1 ENOENT (No such file or directory)
32184 rt_sigaction(SIGCHLD, {sa_handler=0x562922da37e0, sa_mask=[], sa_flags=SA_RESTORER, sa_restorer=0x7f96912c80c0},  <unfinished ...>
32182 stat("/home/ryan/perl5/perlbrew/perls/perl-5.24.0/lib/site_perl/5.24.0/x86_64-linux/File/Path.pmc",  <unfinished ...>
32184 <... rt_sigaction resumed> {sa_handler=0x562922da37e0, sa_mask=[], sa_flags=SA_RESTORER, sa_restorer=0x7f96912c80c0}, 8) = 0
32182 <... stat resumed> 0x7ffdcafb4ba0) = -1 ENOENT (No such file or directory)
32184 rt_sigprocmask(SIG_SETMASK, [],  <unfinished ...>
32182 stat("/home/ryan/perl5/perlbrew/perls/perl-5.24.0/lib/site_perl/5.24.0/x86_64-linux/File/Path.pm",  <unfinished ...>
32184 <... rt_sigprocmask resumed> NULL, 8) = 0
32182 <... stat resumed> 0x7ffdcafb4ba0) = -1 ENOENT (No such file or directory)
32184 rt_sigprocmask(SIG_BLOCK, [USR1],  <unfinished ...>
32182 stat("/home/ryan/perl5/perlbrew/perls/perl-5.24.0/lib/site_perl/5.24.0/File/Path.pmc",  <unfinished ...>
32184 <... rt_sigprocmask resumed> [], 8) = 0
32182 <... stat resumed> 0x7ffdcafb4ba0) = -1 ENOENT (No such file or directory)
32184 rt_sigaction(SIGUSR1, {sa_handler=0x562922da37e0, sa_mask=[], sa_flags=SA_RESTORER, sa_restorer=0x7f96912c80c0},  <unfinished ...>
32182 stat("/home/ryan/perl5/perlbrew/perls/perl-5.24.0/lib/site_perl/5.24.0/File/Path.pm",  <unfinished ...>
32184 <... rt_sigaction resumed> {sa_handler=SIG_DFL, sa_mask=[], sa_flags=0}, 8) = 0
32182 <... stat resumed> 0x7ffdcafb4ba0) = -1 ENOENT (No such file or directory)
32184 rt_sigprocmask(SIG_SETMASK, [],  <unfinished ...>
32182 stat("/home/ryan/perl5/perlbrew/perls/perl-5.24.0/lib/5.24.0/x86_64-linux/File/Path.pmc",  <unfinished ...>
32184 <... rt_sigprocmask resumed> NULL, 8) = 0
32182 <... stat resumed> 0x7ffdcafb4ba0) = -1 ENOENT (No such file or directory)
32184 rt_sigprocmask(SIG_BLOCK, [HUP],  <unfinished ...>
32182 stat("/home/ryan/perl5/perlbrew/perls/perl-5.24.0/lib/5.24.0/x86_64-linux/File/Path.pm",  <unfinished ...>
32184 <... rt_sigprocmask resumed> [], 8) = 0
32182 <... stat resumed> 0x7ffdcafb4ba0) = -1 ENOENT (No such file or directory)
32184 rt_sigaction(SIGHUP, {sa_handler=0x562922da37e0, sa_mask=[], sa_flags=SA_RESTORER, sa_restorer=0x7f96912c80c0},  <unfinished ...>
32182 stat("/home/ryan/perl5/perlbrew/perls/perl-5.24.0/lib/5.24.0/File/Path.pmc",  <unfinished ...>
32184 <... rt_sigaction resumed> {sa_handler=SIG_DFL, sa_mask=[], sa_flags=0}, 8) = 0
32182 <... stat resumed> 0x7ffdcafb4ba0) = -1 ENOENT (No such file or directory)
32184 rt_sigprocmask(SIG_SETMASK, [],  <unfinished ...>
32182 stat("/home/ryan/perl5/perlbrew/perls/perl-5.24.0/lib/5.24.0/File/Path.pm",  <unfinished ...>
32184 <... rt_sigprocmask resumed> NULL, 8) = 0
32182 <... stat resumed> {st_mode=S_IFREG|0444, st_size=38514, ...}) = 0
32184 rt_sigprocmask(SIG_BLOCK, [BUS],  <unfinished ...>
32182 open("/home/ryan/perl5/perlbrew/perls/perl-5.24.0/lib/5.24.0/File/Path.pm", O_RDONLY <unfinished ...>
32184 <... rt_sigprocmask resumed> [], 8) = 0
32182 <... open resumed> )              = 4
32184 rt_sigaction(SIGBUS, {sa_handler=0x562922da37e0, sa_mask=[], sa_flags=SA_RESTORER, sa_restorer=0x7f96912c80c0},  <unfinished ...>
32182 ioctl(4, TCGETS <unfinished ...>
32184 <... rt_sigaction resumed> {sa_handler=SIG_DFL, sa_mask=[], sa_flags=0}, 8) = 0
32182 <... ioctl resumed> , 0x7ffdcafb4990) = -1 ENOTTY (Inappropriate ioctl for device)
32184 rt_sigprocmask(SIG_SETMASK, [],  <unfinished ...>
32182 lseek(4, 0, SEEK_CUR <unfinished ...>
32184 <... rt_sigprocmask resumed> NULL, 8) = 0
32182 <... lseek resumed> )             = 0
32184 rt_sigprocmask(SIG_BLOCK, [RT_7],  <unfinished ...>
32181 <... stat resumed> 0x7ffdcafb51b0) = -1 ENOENT (No such file or directory)
32184 <... rt_sigprocmask resumed> [], 8) = 0
32184 rt_sigaction(SIGRT_7, {sa_handler=0x562922da37e0, sa_mask=[], sa_flags=SA_RESTORER, sa_restorer=0x7f96912c80c0},  <unfinished ...>
32181 stat("/home/ryan/perl5/perlbrew/perls/perl-5.24.0/lib/5.24.0/File/Temp.pmc",  <unfinished ...>
32184 <... rt_sigaction resumed> {sa_handler=SIG_DFL, sa_mask=[], sa_flags=0}, 8) = 0
32182 read(4,  <unfinished ...>
32184 rt_sigprocmask(SIG_SETMASK, [],  <unfinished ...>
32182 <... read resumed> "package File::Path;\n\nuse 5.005_0"..., 8192) = 8192
32184 <... rt_sigprocmask resumed> NULL, 8) = 0
32181 <... stat resumed> 0x7ffdcafb51b0) = -1 ENOENT (No such file or directory)
32184 rt_sigprocmask(SIG_BLOCK, [URG],  <unfinished ...>
32181 stat("/home/ryan/perl5/perlbrew/perls/perl-5.24.0/lib/5.24.0/File/Temp.pm",  <unfinished ...>
32184 <... rt_sigprocmask resumed> [], 8) = 0
32181 <... stat resumed> {st_mode=S_IFREG|0444, st_size=78940, ...}) = 0
32184 rt_sigaction(SIGURG, {sa_handler=0x562922da37e0, sa_mask=[], sa_flags=SA_RESTORER, sa_restorer=0x7f96912c80c0},  <unfinished ...>
32181 open("/home/ryan/perl5/perlbrew/perls/perl-5.24.0/lib/5.24.0/File/Temp.pm", O_RDONLY <unfinished ...>
32184 <... rt_sigaction resumed> {sa_handler=SIG_DFL, sa_mask=[], sa_flags=0}, 8) = 0
32184 rt_sigprocmask(SIG_SETMASK, [],  <unfinished ...>
32181 <... open resumed> )              = 3
32184 <... rt_sigprocmask resumed> NULL, 8) = 0
32181 ioctl(3, TCGETS <unfinished ...>
32184 rt_sigprocmask(SIG_BLOCK, [WINCH],  <unfinished ...>
32181 <... ioctl resumed> , 0x7ffdcafb4fa0) = -1 ENOTTY (Inappropriate ioctl for device)
32184 <... rt_sigprocmask resumed> [], 8) = 0
32181 lseek(3, 0, SEEK_CUR <unfinished ...>
32184 rt_sigaction(SIGWINCH, {sa_handler=0x562922da37e0, sa_mask=[], sa_flags=SA_RESTORER, sa_restorer=0x7f96912c80c0},  <unfinished ...>
32181 <... lseek resumed> )             = 0
32184 <... rt_sigaction resumed> {sa_handler=SIG_DFL, sa_mask=[], sa_flags=0}, 8) = 0
32184 rt_sigprocmask(SIG_SETMASK, [], NULL, 8) = 0
32184 rt_sigprocmask(SIG_BLOCK, [INT], [], 8) = 0
32184 rt_sigaction(SIGINT, {sa_handler=0x562922da37e0, sa_mask=[], sa_flags=SA_RESTORER, sa_restorer=0x7f96912c80c0}, {sa_handler=SIG_DFL, sa_mask=[], sa_flags=0}, 8) = 0
32181 read(3,  <unfinished ...>
32184 rt_sigprocmask(SIG_SETMASK, [], NULL, 8) = 0
32181 <... read resumed> "package File::Temp;\n# ABSTRACT: "..., 8192) = 8192
32184 stat("/mnt/mintdisk/home/ryan/workspace/evalserver-async/bin/../lib/File/Temp.pmc",  <unfinished ...>
32183 read(4,  <unfinished ...>
32184 <... stat resumed> 0x7ffdcafb51b0) = -1 ENOENT (No such file or directory)
32183 <... read resumed> " _slash_lc($p) : $p;\n        my "..., 8192) = 8192
32184 stat("/mnt/mintdisk/home/ryan/workspace/evalserver-async/bin/../lib/File/Temp.pm",  <unfinished ...>
32183 brk(0x562924c4f000 <unfinished ...>
32184 <... stat resumed> 0x7ffdcafb51b0) = -1 ENOENT (No such file or directory)
32183 <... brk resumed> )               = 0x562924c4f000
32184 stat("/home/ryan/perl5/perlbrew/perls/perl-5.24.0/lib/site_perl/5.24.0/x86_64-linux/File/Temp.pmc", 0x7ffdcafb51b0) = -1 ENOENT (No such file or directory)
32184 stat("/home/ryan/perl5/perlbrew/perls/perl-5.24.0/lib/site_perl/5.24.0/x86_64-linux/File/Temp.pm", 0x7ffdcafb51b0) = -1 ENOENT (No such file or directory)
32184 stat("/home/ryan/perl5/perlbrew/perls/perl-5.24.0/lib/site_perl/5.24.0/File/Temp.pmc", 0x7ffdcafb51b0) = -1 ENOENT (No such file or directory)
32184 stat("/home/ryan/perl5/perlbrew/perls/perl-5.24.0/lib/site_perl/5.24.0/File/Temp.pm", 0x7ffdcafb51b0) = -1 ENOENT (No such file or directory)
32183 read(4,  <unfinished ...>
32184 stat("/home/ryan/perl5/perlbrew/perls/perl-5.24.0/lib/5.24.0/x86_64-linux/File/Temp.pmc",  <unfinished ...>
32183 <... read resumed> "                $arg->{safe}\n   "..., 8192) = 8192
32184 <... stat resumed> 0x7ffdcafb51b0) = -1 ENOENT (No such file or directory)
32182 brk(0x562924c2e000 <unfinished ...>
32184 stat("/home/ryan/perl5/perlbrew/perls/perl-5.24.0/lib/5.24.0/x86_64-linux/File/Temp.pm",  <unfinished ...>
32182 <... brk resumed> )               = 0x562924c2e000
32184 <... stat resumed> 0x7ffdcafb51b0) = -1 ENOENT (No such file or directory)
32181 stat("/mnt/mintdisk/home/ryan/workspace/evalserver-async/bin/../lib/File/Path.pmc",  <unfinished ...>
32184 stat("/home/ryan/perl5/perlbrew/perls/perl-5.24.0/lib/5.24.0/File/Temp.pmc", 0x7ffdcafb51b0) = -1 ENOENT (No such file or directory)
32181 <... stat resumed> 0x7ffdcafb4ba0) = -1 ENOENT (No such file or directory)
32184 stat("/home/ryan/perl5/perlbrew/perls/perl-5.24.0/lib/5.24.0/File/Temp.pm",  <unfinished ...>
32181 stat("/mnt/mintdisk/home/ryan/workspace/evalserver-async/bin/../lib/File/Path.pm",  <unfinished ...>
32184 <... stat resumed> {st_mode=S_IFREG|0444, st_size=78940, ...}) = 0
32181 <... stat resumed> 0x7ffdcafb4ba0) = -1 ENOENT (No such file or directory)
32184 open("/home/ryan/perl5/perlbrew/perls/perl-5.24.0/lib/5.24.0/File/Temp.pm", O_RDONLY <unfinished ...>
32181 stat("/home/ryan/perl5/perlbrew/perls/perl-5.24.0/lib/site_perl/5.24.0/x86_64-linux/File/Path.pmc",  <unfinished ...>
32184 <... open resumed> )              = 3
32181 <... stat resumed> 0x7ffdcafb4ba0) = -1 ENOENT (No such file or directory)
32184 ioctl(3, TCGETS <unfinished ...>
32181 stat("/home/ryan/perl5/perlbrew/perls/perl-5.24.0/lib/site_perl/5.24.0/x86_64-linux/File/Path.pm",  <unfinished ...>
32184 <... ioctl resumed> , 0x7ffdcafb4fa0) = -1 ENOTTY (Inappropriate ioctl for device)
32181 <... stat resumed> 0x7ffdcafb4ba0) = -1 ENOENT (No such file or directory)
32184 lseek(3, 0, SEEK_CUR <unfinished ...>
32181 stat("/home/ryan/perl5/perlbrew/perls/perl-5.24.0/lib/site_perl/5.24.0/File/Path.pmc",  <unfinished ...>
32184 <... lseek resumed> )             = 0
32181 <... stat resumed> 0x7ffdcafb4ba0) = -1 ENOENT (No such file or directory)
32181 stat("/home/ryan/perl5/perlbrew/perls/perl-5.24.0/lib/site_perl/5.24.0/File/Path.pm", 0x7ffdcafb4ba0) = -1 ENOENT (No such file or directory)
32181 stat("/home/ryan/perl5/perlbrew/perls/perl-5.24.0/lib/5.24.0/x86_64-linux/File/Path.pmc",  <unfinished ...>
32184 read(3,  <unfinished ...>
32181 <... stat resumed> 0x7ffdcafb4ba0) = -1 ENOENT (No such file or directory)
32184 <... read resumed> "package File::Temp;\n# ABSTRACT: "..., 8192) = 8192
32181 stat("/home/ryan/perl5/perlbrew/perls/perl-5.24.0/lib/5.24.0/x86_64-linux/File/Path.pm", 0x7ffdcafb4ba0) = -1 ENOENT (No such file or directory)
32181 stat("/home/ryan/perl5/perlbrew/perls/perl-5.24.0/lib/5.24.0/File/Path.pmc",  <unfinished ...>
32183 lseek(4, 17945, SEEK_SET <unfinished ...>
32181 <... stat resumed> 0x7ffdcafb4ba0) = -1 ENOENT (No such file or directory)
32183 <... lseek resumed> )             = 17945
32181 stat("/home/ryan/perl5/perlbrew/perls/perl-5.24.0/lib/5.24.0/File/Path.pm",  <unfinished ...>
32183 lseek(4, 0, SEEK_CUR)             = 17945
32181 <... stat resumed> {st_mode=S_IFREG|0444, st_size=38514, ...}) = 0
32181 open("/home/ryan/perl5/perlbrew/perls/perl-5.24.0/lib/5.24.0/File/Path.pm", O_RDONLY) = 4
32181 ioctl(4, TCGETS, 0x7ffdcafb4990)  = -1 ENOTTY (Inappropriate ioctl for device)
32181 lseek(4, 0, SEEK_CUR)             = 0
32181 read(4, "package File::Path;\n\nuse 5.005_0"..., 8192) = 8192
32183 getuid()                          = 0
32183 geteuid()                         = 0
32183 getgid()                          = 0
32183 getegid()                         = 0
32184 stat("/mnt/mintdisk/home/ryan/workspace/evalserver-async/bin/../lib/File/Path.pmc", 0x7ffdcafb4ba0) = -1 ENOENT (No such file or directory)
32184 stat("/mnt/mintdisk/home/ryan/workspace/evalserver-async/bin/../lib/File/Path.pm", 0x7ffdcafb4ba0) = -1 ENOENT (No such file or directory)
32184 stat("/home/ryan/perl5/perlbrew/perls/perl-5.24.0/lib/site_perl/5.24.0/x86_64-linux/File/Path.pmc", 0x7ffdcafb4ba0) = -1 ENOENT (No such file or directory)
32184 stat("/home/ryan/perl5/perlbrew/perls/perl-5.24.0/lib/site_perl/5.24.0/x86_64-linux/File/Path.pm",  <unfinished ...>
32183 stat("/mnt/mintdisk/home/ryan/workspace/evalserver-async/bin/../lib/IO/Seekable.pmc",  <unfinished ...>
32184 <... stat resumed> 0x7ffdcafb4ba0) = -1 ENOENT (No such file or directory)
32183 <... stat resumed> 0x7ffdcafb4ba0) = -1 ENOENT (No such file or directory)
32184 stat("/home/ryan/perl5/perlbrew/perls/perl-5.24.0/lib/site_perl/5.24.0/File/Path.pmc",  <unfinished ...>
32183 stat("/mnt/mintdisk/home/ryan/workspace/evalserver-async/bin/../lib/IO/Seekable.pm",  <unfinished ...>
32184 <... stat resumed> 0x7ffdcafb4ba0) = -1 ENOENT (No such file or directory)
32183 <... stat resumed> 0x7ffdcafb4ba0) = -1 ENOENT (No such file or directory)
32184 stat("/home/ryan/perl5/perlbrew/perls/perl-5.24.0/lib/site_perl/5.24.0/File/Path.pm",  <unfinished ...>
32183 stat("/home/ryan/perl5/perlbrew/perls/perl-5.24.0/lib/site_perl/5.24.0/x86_64-linux/IO/Seekable.pmc",  <unfinished ...>
32184 <... stat resumed> 0x7ffdcafb4ba0) = -1 ENOENT (No such file or directory)
32183 <... stat resumed> 0x7ffdcafb4ba0) = -1 ENOENT (No such file or directory)
32184 stat("/home/ryan/perl5/perlbrew/perls/perl-5.24.0/lib/5.24.0/x86_64-linux/File/Path.pmc",  <unfinished ...>
32183 stat("/home/ryan/perl5/perlbrew/perls/perl-5.24.0/lib/site_perl/5.24.0/x86_64-linux/IO/Seekable.pm",  <unfinished ...>
32184 <... stat resumed> 0x7ffdcafb4ba0) = -1 ENOENT (No such file or directory)
32183 <... stat resumed> 0x7ffdcafb4ba0) = -1 ENOENT (No such file or directory)
32184 stat("/home/ryan/perl5/perlbrew/perls/perl-5.24.0/lib/5.24.0/x86_64-linux/File/Path.pm",  <unfinished ...>
32183 stat("/home/ryan/perl5/perlbrew/perls/perl-5.24.0/lib/site_perl/5.24.0/IO/Seekable.pmc",  <unfinished ...>
32184 <... stat resumed> 0x7ffdcafb4ba0) = -1 ENOENT (No such file or directory)
32183 <... stat resumed> 0x7ffdcafb4ba0) = -1 ENOENT (No such file or directory)
32184 stat("/home/ryan/perl5/perlbrew/perls/perl-5.24.0/lib/5.24.0/File/Path.pmc",  <unfinished ...>
32183 stat("/home/ryan/perl5/perlbrew/perls/perl-5.24.0/lib/site_perl/5.24.0/IO/Seekable.pm",  <unfinished ...>
32184 <... stat resumed> 0x7ffdcafb4ba0) = -1 ENOENT (No such file or directory)
32183 <... stat resumed> 0x7ffdcafb4ba0) = -1 ENOENT (No such file or directory)
32184 stat("/home/ryan/perl5/perlbrew/perls/perl-5.24.0/lib/5.24.0/File/Path.pm",  <unfinished ...>
32183 stat("/home/ryan/perl5/perlbrew/perls/perl-5.24.0/lib/5.24.0/x86_64-linux/IO/Seekable.pmc",  <unfinished ...>
32184 <... stat resumed> {st_mode=S_IFREG|0444, st_size=38514, ...}) = 0
32183 <... stat resumed> 0x7ffdcafb4ba0) = -1 ENOENT (No such file or directory)
32184 open("/home/ryan/perl5/perlbrew/perls/perl-5.24.0/lib/5.24.0/File/Path.pm", O_RDONLY <unfinished ...>
32183 stat("/home/ryan/perl5/perlbrew/perls/perl-5.24.0/lib/5.24.0/x86_64-linux/IO/Seekable.pm",  <unfinished ...>
32184 <... open resumed> )              = 4
32183 <... stat resumed> {st_mode=S_IFREG|0444, st_size=2935, ...}) = 0
32184 ioctl(4, TCGETS <unfinished ...>
32183 open("/home/ryan/perl5/perlbrew/perls/perl-5.24.0/lib/5.24.0/x86_64-linux/IO/Seekable.pm", O_RDONLY <unfinished ...>
32184 <... ioctl resumed> , 0x7ffdcafb4990) = -1 ENOTTY (Inappropriate ioctl for device)
32183 <... open resumed> )              = 5
32184 lseek(4, 0, SEEK_CUR <unfinished ...>
32183 ioctl(5, TCGETS <unfinished ...>
32184 <... lseek resumed> )             = 0
32183 <... ioctl resumed> , 0x7ffdcafb4990) = -1 ENOTTY (Inappropriate ioctl for device)
32183 lseek(5, 0, SEEK_CUR)             = 0
32183 read(5,  <unfinished ...>
32184 read(4,  <unfinished ...>
32183 <... read resumed> "#\n\npackage IO::Seekable;\n\n=head1"..., 8192) = 2935
32184 <... read resumed> "package File::Path;\n\nuse 5.005_0"..., 8192) = 8192
32182 read(4, " _slash_lc($p) : $p;\n        my "..., 8192) = 8192
32183 read(5, "", 8192)                 = 0
32183 getuid()                          = 0
32183 geteuid()                         = 0
32183 getgid( <unfinished ...>
32184 brk(0x562924c2d000 <unfinished ...>
32183 <... getgid resumed> )            = 0
32184 <... brk resumed> )               = 0x562924c2d000
32183 getegid()                         = 0
32184 brk(0x562924c2c000)               = 0x562924c2c000
32182 brk(0x562924c4f000)               = 0x562924c4f000
32181 brk(0x562924c2d000)               = 0x562924c2d000
32183 brk(0x562924c70000)               = 0x562924c70000
32182 read(4,  <unfinished ...>
32183 read(3,  <unfinished ...>
32182 <... read resumed> "                $arg->{safe}\n   "..., 8192) = 8192
32183 <... read resumed> "end of the substring with a\n  # "..., 8192) = 8192
32181 read(4, " _slash_lc($p) : $p;\n        my "..., 8192) = 8192
32182 lseek(4, 17945, SEEK_SET)         = 17945
32182 lseek(4, 0, SEEK_CUR)             = 17945
32184 brk(0x562924c4d000)               = 0x562924c4d000
32183 read(3,  <unfinished ...>
32182 getuid( <unfinished ...>
32183 <... read resumed> "h\n\n# This routine based on versi"..., 8192) = 8192
32182 <... getuid resumed> )            = 0
32182 geteuid()                         = 0
32182 getgid()                          = 0
32182 getegid()                         = 0
32184 read(4, " _slash_lc($p) : $p;\n        my "..., 8192) = 8192
32182 stat("/mnt/mintdisk/home/ryan/workspace/evalserver-async/bin/../lib/IO/Seekable.pmc", 0x7ffdcafb4ba0) = -1 ENOENT (No such file or directory)
32182 stat("/mnt/mintdisk/home/ryan/workspace/evalserver-async/bin/../lib/IO/Seekable.pm", 0x7ffdcafb4ba0) = -1 ENOENT (No such file or directory)
32182 stat("/home/ryan/perl5/perlbrew/perls/perl-5.24.0/lib/site_perl/5.24.0/x86_64-linux/IO/Seekable.pmc", 0x7ffdcafb4ba0) = -1 ENOENT (No such file or directory)
32182 stat("/home/ryan/perl5/perlbrew/perls/perl-5.24.0/lib/site_perl/5.24.0/x86_64-linux/IO/Seekable.pm", 0x7ffdcafb4ba0) = -1 ENOENT (No such file or directory)
32182 stat("/home/ryan/perl5/perlbrew/perls/perl-5.24.0/lib/site_perl/5.24.0/IO/Seekable.pmc", 0x7ffdcafb4ba0) = -1 ENOENT (No such file or directory)
32182 stat("/home/ryan/perl5/perlbrew/perls/perl-5.24.0/lib/site_perl/5.24.0/IO/Seekable.pm", 0x7ffdcafb4ba0) = -1 ENOENT (No such file or directory)
32183 brk(0x562924c91000 <unfinished ...>
32182 stat("/home/ryan/perl5/perlbrew/perls/perl-5.24.0/lib/5.24.0/x86_64-linux/IO/Seekable.pmc",  <unfinished ...>
32183 <... brk resumed> )               = 0x562924c91000
32182 <... stat resumed> 0x7ffdcafb4ba0) = -1 ENOENT (No such file or directory)
32182 stat("/home/ryan/perl5/perlbrew/perls/perl-5.24.0/lib/5.24.0/x86_64-linux/IO/Seekable.pm", {st_mode=S_IFREG|0444, st_size=2935, ...}) = 0
32181 brk(0x562924c4e000 <unfinished ...>
32182 open("/home/ryan/perl5/perlbrew/perls/perl-5.24.0/lib/5.24.0/x86_64-linux/IO/Seekable.pm", O_RDONLY <unfinished ...>
32181 <... brk resumed> )               = 0x562924c4e000
32182 <... open resumed> )              = 5
32182 ioctl(5, TCGETS, 0x7ffdcafb4990)  = -1 ENOTTY (Inappropriate ioctl for device)
32182 lseek(5, 0, SEEK_CUR)             = 0
32182 read(5, "#\n\npackage IO::Seekable;\n\n=head1"..., 8192) = 2935
32181 read(4, "                $arg->{safe}\n   "..., 8192) = 8192
32183 read(3, " not defined $cwd;\n            m"..., 8192) = 8192
32182 read(5,  <unfinished ...>
32181 lseek(4, 17945, SEEK_SET <unfinished ...>
32182 <... read resumed> "", 8192)      = 0
32181 <... lseek resumed> )             = 17945
32181 lseek(4, 0, SEEK_CUR)             = 17945
32182 getuid()                          = 0
32184 read(4,  <unfinished ...>
32182 geteuid( <unfinished ...>
32184 <... read resumed> "                $arg->{safe}\n   "..., 8192) = 8192
32182 <... geteuid resumed> )           = 0
32182 getgid()                          = 0
32182 getegid()                         = 0
32181 getuid()                          = 0
32181 geteuid()                         = 0
32181 getgid()                          = 0
32181 getegid()                         = 0
32184 lseek(4, 17945, SEEK_SET)         = 17945
32184 lseek(4, 0, SEEK_CUR)             = 17945
32184 getuid()                          = 0
32183 brk(0x562924cb3000 <unfinished ...>
32184 geteuid()                         = 0
32183 <... brk resumed> )               = 0x562924cb3000
32184 getgid()                          = 0
32184 getegid( <unfinished ...>
32181 stat("/mnt/mintdisk/home/ryan/workspace/evalserver-async/bin/../lib/IO/Seekable.pmc",  <unfinished ...>
32184 <... getegid resumed> )           = 0
32181 <... stat resumed> 0x7ffdcafb4ba0) = -1 ENOENT (No such file or directory)
32181 stat("/mnt/mintdisk/home/ryan/workspace/evalserver-async/bin/../lib/IO/Seekable.pm", 0x7ffdcafb4ba0) = -1 ENOENT (No such file or directory)
32181 stat("/home/ryan/perl5/perlbrew/perls/perl-5.24.0/lib/site_perl/5.24.0/x86_64-linux/IO/Seekable.pmc", 0x7ffdcafb4ba0) = -1 ENOENT (No such file or directory)
32181 stat("/home/ryan/perl5/perlbrew/perls/perl-5.24.0/lib/site_perl/5.24.0/x86_64-linux/IO/Seekable.pm", 0x7ffdcafb4ba0) = -1 ENOENT (No such file or directory)
32181 stat("/home/ryan/perl5/perlbrew/perls/perl-5.24.0/lib/site_perl/5.24.0/IO/Seekable.pmc", 0x7ffdcafb4ba0) = -1 ENOENT (No such file or directory)
32181 stat("/home/ryan/perl5/perlbrew/perls/perl-5.24.0/lib/site_perl/5.24.0/IO/Seekable.pm", 0x7ffdcafb4ba0) = -1 ENOENT (No such file or directory)
32181 stat("/home/ryan/perl5/perlbrew/perls/perl-5.24.0/lib/5.24.0/x86_64-linux/IO/Seekable.pmc", 0x7ffdcafb4ba0) = -1 ENOENT (No such file or directory)
32181 stat("/home/ryan/perl5/perlbrew/perls/perl-5.24.0/lib/5.24.0/x86_64-linux/IO/Seekable.pm", {st_mode=S_IFREG|0444, st_size=2935, ...}) = 0
32181 open("/home/ryan/perl5/perlbrew/perls/perl-5.24.0/lib/5.24.0/x86_64-linux/IO/Seekable.pm", O_RDONLY <unfinished ...>
32183 read(3,  <unfinished ...>
32181 <... open resumed> )              = 5
32183 <... read resumed> " else {\n\n      $template = File:"..., 8192) = 8192
32181 ioctl(5, TCGETS, 0x7ffdcafb4990)  = -1 ENOTTY (Inappropriate ioctl for device)
32181 lseek(5, 0, SEEK_CUR)             = 0
32181 read(5, "#\n\npackage IO::Seekable;\n\n=head1"..., 8192) = 2935
32184 stat("/mnt/mintdisk/home/ryan/workspace/evalserver-async/bin/../lib/IO/Seekable.pmc", 0x7ffdcafb4ba0) = -1 ENOENT (No such file or directory)
32184 stat("/mnt/mintdisk/home/ryan/workspace/evalserver-async/bin/../lib/IO/Seekable.pm", 0x7ffdcafb4ba0) = -1 ENOENT (No such file or directory)
32184 stat("/home/ryan/perl5/perlbrew/perls/perl-5.24.0/lib/site_perl/5.24.0/x86_64-linux/IO/Seekable.pmc", 0x7ffdcafb4ba0) = -1 ENOENT (No such file or directory)
32184 stat("/home/ryan/perl5/perlbrew/perls/perl-5.24.0/lib/site_perl/5.24.0/x86_64-linux/IO/Seekable.pm", 0x7ffdcafb4ba0) = -1 ENOENT (No such file or directory)
32184 stat("/home/ryan/perl5/perlbrew/perls/perl-5.24.0/lib/site_perl/5.24.0/IO/Seekable.pmc", 0x7ffdcafb4ba0) = -1 ENOENT (No such file or directory)
32184 stat("/home/ryan/perl5/perlbrew/perls/perl-5.24.0/lib/site_perl/5.24.0/IO/Seekable.pm", 0x7ffdcafb4ba0) = -1 ENOENT (No such file or directory)
32184 stat("/home/ryan/perl5/perlbrew/perls/perl-5.24.0/lib/5.24.0/x86_64-linux/IO/Seekable.pmc", 0x7ffdcafb4ba0) = -1 ENOENT (No such file or directory)
32184 stat("/home/ryan/perl5/perlbrew/perls/perl-5.24.0/lib/5.24.0/x86_64-linux/IO/Seekable.pm", {st_mode=S_IFREG|0444, st_size=2935, ...}) = 0
32184 open("/home/ryan/perl5/perlbrew/perls/perl-5.24.0/lib/5.24.0/x86_64-linux/IO/Seekable.pm", O_RDONLY) = 5
32184 ioctl(5, TCGETS, 0x7ffdcafb4990)  = -1 ENOTTY (Inappropriate ioctl for device)
32184 lseek(5, 0, SEEK_CUR)             = 0
32184 read(5, "#\n\npackage IO::Seekable;\n\n=head1"..., 8192) = 2935
32181 read(5, "", 8192)                 = 0
32182 read(3, "end of the substring with a\n  # "..., 8192) = 8192
32181 getuid()                          = 0
32181 geteuid()                         = 0
32182 brk(0x562924c71000 <unfinished ...>
32181 getgid( <unfinished ...>
32182 <... brk resumed> )               = 0x562924c71000
32181 <... getgid resumed> )            = 0
32181 getegid()                         = 0
32184 read(5, "", 8192)                 = 0
32184 getuid()                          = 0
32184 geteuid()                         = 0
32184 getgid()                          = 0
32184 getegid( <unfinished ...>
32183 read(3,  <unfinished ...>
32184 <... getegid resumed> )           = 0
32183 <... read resumed> "mpnam($dir, $prefix)' unless sca"..., 8192) = 8192
32183 brk(0x562924cd4000)               = 0x562924cd4000
32182 read(3, "h\n\n# This routine based on versi"..., 8192) = 8192
32184 brk(0x562924c6e000)               = 0x562924c6e000
32183 lseek(3, 46959, SEEK_SET)         = 46959
32183 lseek(3, 0, SEEK_CUR)             = 46959
32181 read(3, "end of the substring with a\n  # "..., 8192) = 8192
32182 read(3, " not defined $cwd;\n            m"..., 8192) = 8192
32184 read(3, "end of the substring with a\n  # "..., 8192) = 8192
32182 brk(0x562924c95000)               = 0x562924c95000
32183 stat("/tmp", {st_mode=S_IFDIR|S_ISVTX|0777, st_size=974848, ...}) = 0
32183 geteuid()                         = 0
32183 open("/dev/urandom", O_RDONLY)    = 6
32183 read(6, ",X\200:", 4)             = 4
32181 brk(0x562924c6f000 <unfinished ...>
32183 close(6)                          = 0
32181 <... brk resumed> )               = 0x562924c6f000
32183 stat("/tmp", {st_mode=S_IFDIR|S_ISVTX|0777, st_size=974848, ...}) = 0
32183 stat("/tmp", {st_mode=S_IFDIR|S_ISVTX|0777, st_size=974848, ...}) = 0
32183 mkdir("/tmp/eval-0vp_1AZr", 0700) = 0
32183 chmod("/tmp/eval-0vp_1AZr", 0700) = 0
32183 lstat("/tmp", {st_mode=S_IFDIR|S_ISVTX|0777, st_size=974848, ...}) = 0
32183 lstat("/tmp/eval-0vp_1AZr", {st_mode=S_IFDIR|0700, st_size=4096, ...}) = 0
32183 getpid()                          = 32183
32181 read(3, "h\n\n# This routine based on versi"..., 8192) = 8192
32183 chmod("/tmp/eval-0vp_1AZr", 0555 <unfinished ...>
32184 read(3,  <unfinished ...>
32183 <... chmod resumed> )             = 0
32184 <... read resumed> "h\n\n# This routine based on versi"..., 8192) = 8192
32183 socket(AF_UNIX, SOCK_STREAM|SOCK_CLOEXEC|SOCK_NONBLOCK, 0) = 6
32183 connect(6, {sa_family=AF_UNIX, sun_path="/var/run/nscd/socket"}, 110 <unfinished ...>
32184 brk(0x562924c90000)               = 0x562924c90000
32183 <... connect resumed> )           = -1 ENOENT (No such file or directory)
32183 close(6)                          = 0
32183 socket(AF_UNIX, SOCK_STREAM|SOCK_CLOEXEC|SOCK_NONBLOCK, 0) = 6
32183 connect(6, {sa_family=AF_UNIX, sun_path="/var/run/nscd/socket"}, 110) = -1 ENOENT (No such file or directory)
32183 close(6)                          = 0
32183 open("/etc/ld.so.cache", O_RDONLY|O_CLOEXEC) = 6
32183 fstat(6, {st_mode=S_IFREG|0644, st_size=351433, ...}) = 0
32183 mmap(NULL, 351433, PROT_READ, MAP_PRIVATE, 6, 0) = 0x7f969169e000
32182 read(3,  <unfinished ...>
32183 close(6)                          = 0
32182 <... read resumed> " else {\n\n      $template = File:"..., 8192) = 8192
32183 access("/etc/ld.so.nohwcap", F_OK) = -1 ENOENT (No such file or directory)
32183 open("/lib/x86_64-linux-gnu/libnss_compat.so.2", O_RDONLY|O_CLOEXEC) = 6
32183 read(6, "\177ELF\2\1\1\0\0\0\0\0\0\0\0\0\3\0>\0\1\0\0\0\260\22\0\0\0\0\0\0"..., 832) = 832
32183 fstat(6, {st_mode=S_IFREG|0644, st_size=31616, ...}) = 0
32183 mmap(NULL, 2126944, PROT_READ|PROT_EXEC, MAP_PRIVATE|MAP_DENYWRITE, 6, 0) = 0x7f968d900000
32183 mprotect(0x7f968d907000, 2093056, PROT_NONE) = 0
32183 mmap(0x7f968db06000, 8192, PROT_READ|PROT_WRITE, MAP_PRIVATE|MAP_FIXED|MAP_DENYWRITE, 6, 0x6000) = 0x7f968db06000
32183 close(6)                          = 0
32182 brk(0x562924cb6000 <unfinished ...>
32183 mprotect(0x7f968db06000, 4096, PROT_READ <unfinished ...>
32182 <... brk resumed> )               = 0x562924cb6000
32183 <... mprotect resumed> )          = 0
32183 munmap(0x7f969169e000, 351433)    = 0
32183 open("/etc/ld.so.cache", O_RDONLY|O_CLOEXEC <unfinished ...>
32181 read(3,  <unfinished ...>
32183 <... open resumed> )              = 6
32181 <... read resumed> " not defined $cwd;\n            m"..., 8192) = 8192
32183 fstat(6, {st_mode=S_IFREG|0644, st_size=351433, ...}) = 0
32183 mmap(NULL, 351433, PROT_READ, MAP_PRIVATE, 6, 0) = 0x7f969169e000
32183 close(6)                          = 0
32183 access("/etc/ld.so.nohwcap", F_OK) = -1 ENOENT (No such file or directory)
32183 open("/lib/x86_64-linux-gnu/libnss_nis.so.2", O_RDONLY|O_CLOEXEC) = 6
32183 read(6, "\177ELF\2\1\1\0\0\0\0\0\0\0\0\0\3\0>\0\1\0\0\0\340 \0\0\0\0\0\0"..., 832) = 832
32183 fstat(6, {st_mode=S_IFREG|0644, st_size=47688, ...}) = 0
32184 read(3,  <unfinished ...>
32183 mmap(NULL, 2143656, PROT_READ|PROT_EXEC, MAP_PRIVATE|MAP_DENYWRITE, 6, 0 <unfinished ...>
32184 <... read resumed> " not defined $cwd;\n            m"..., 8192) = 8192
32183 <... mmap resumed> )              = 0x7f968d6f4000
32183 mprotect(0x7f968d6ff000, 2093056, PROT_NONE) = 0
32183 mmap(0x7f968d8fe000, 8192, PROT_READ|PROT_WRITE, MAP_PRIVATE|MAP_FIXED|MAP_DENYWRITE, 6, 0xa000) = 0x7f968d8fe000
32183 close(6)                          = 0
32183 mprotect(0x7f968d8fe000, 4096, PROT_READ) = 0
32183 munmap(0x7f969169e000, 351433)    = 0
32183 open("/etc/passwd", O_RDONLY|O_CLOEXEC) = 6
32183 lseek(6, 0, SEEK_CUR)             = 0
32183 fstat(6, {st_mode=S_IFREG|0644, st_size=3898, ...}) = 0
32183 mmap(NULL, 3898, PROT_READ, MAP_SHARED, 6, 0) = 0x7f96916f3000
32183 lseek(6, 3898, SEEK_SET)          = 3898
32181 brk(0x562924c90000 <unfinished ...>
32183 munmap(0x7f96916f3000, 3898 <unfinished ...>
32181 <... brk resumed> )               = 0x562924c90000
32183 <... munmap resumed> )            = 0
32183 close(6 <unfinished ...>
32181 brk(0x562924c8f000 <unfinished ...>
32183 <... close resumed> )             = 0
32181 <... brk resumed> )               = 0x562924c8f000
32183 mmap(NULL, 4194304, PROT_READ|PROT_WRITE|PROT_EXEC, MAP_PRIVATE|MAP_ANONYMOUS|MAP_GROWSDOWN|MAP_STACK, -1, 0) = 0x7f968d2f4000
32183 clone( <unfinished ...>
32182 read(3, "mpnam($dir, $prefix)' unless sca"..., 8192) = 8192
32184 brk(0x562924cb1000)               = 0x562924cb1000
32182 brk(0x562924cda000)               = 0x562924cda000
32181 read(3, " else {\n\n      $template = File:"..., 8192) = 8192
32184 read(3, " else {\n\n      $template = File:"..., 8192) = 8192
32183 <... clone resumed> child_stack=0x7f968d6f3fe0, flags=CLONE_NEWNS|CLONE_SYSVSEM|CLONE_NEWUTS|CLONE_NEWPID|SIGCHLD) = 32185
32183 munmap(0x7f968d6f3ff0, 4194304)   = -1 EINVAL (Invalid argument)
32181 brk(0x562924cb0000)               = 0x562924cb0000
32181 brk(0x562924caf000)               = 0x562924caf000
32183 rt_sigprocmask(SIG_BLOCK, [URG], [], 8) = 0
32183 rt_sigaction(SIGURG, {sa_handler=0x562922da37e0, sa_mask=[], sa_flags=SA_RESTORER, sa_restorer=0x7f96912c80c0}, {sa_handler=0x562922da37e0, sa_mask=[], sa_flags=SA_RESTORER, sa_restorer=0x7f96912c80c0}, 8) = 0
32183 rt_sigprocmask(SIG_SETMASK, [], NULL, 8) = 0
32182 lseek(3, 46959, SEEK_SET <unfinished ...>
32183 rt_sigprocmask(SIG_BLOCK, [WINCH],  <unfinished ...>
32182 <... lseek resumed> )             = 46959
32183 <... rt_sigprocmask resumed> [], 8) = 0
32182 lseek(3, 0, SEEK_CUR <unfinished ...>
32183 rt_sigaction(SIGWINCH, {sa_handler=0x562922da37e0, sa_mask=[], sa_flags=SA_RESTORER, sa_restorer=0x7f96912c80c0},  <unfinished ...>
32182 <... lseek resumed> )             = 46959
32183 <... rt_sigaction resumed> {sa_handler=0x562922da37e0, sa_mask=[], sa_flags=SA_RESTORER, sa_restorer=0x7f96912c80c0}, 8) = 0
32185 getpid( <unfinished ...>
32183 rt_sigprocmask(SIG_SETMASK, [],  <unfinished ...>
32185 <... getpid resumed> )            = 1
32183 <... rt_sigprocmask resumed> NULL, 8) = 0
32185 getpid()                          = 1
32183 rt_sigprocmask(SIG_BLOCK, [INT],  <unfinished ...>
32185 getpid( <unfinished ...>
32183 <... rt_sigprocmask resumed> [], 8) = 0
32185 <... getpid resumed> )            = 1
32183 rt_sigaction(SIGINT, {sa_handler=0x562922da37e0, sa_mask=[], sa_flags=SA_RESTORER, sa_restorer=0x7f96912c80c0},  <unfinished ...>
32185 getpid( <unfinished ...>
32183 <... rt_sigaction resumed> {sa_handler=0x562922da37e0, sa_mask=[], sa_flags=SA_RESTORER, sa_restorer=0x7f96912c80c0}, 8) = 0
32185 <... getpid resumed> )            = 1
32183 rt_sigprocmask(SIG_SETMASK, [],  <unfinished ...>
32185 getpid( <unfinished ...>
32183 <... rt_sigprocmask resumed> NULL, 8) = 0
32185 <... getpid resumed> )            = 1
32183 rt_sigprocmask(SIG_BLOCK, [RT_7], [], 8) = 0
32183 rt_sigaction(SIGRT_7, {sa_handler=0x562922da37e0, sa_mask=[], sa_flags=SA_RESTORER, sa_restorer=0x7f96912c80c0}, {sa_handler=0x562922da37e0, sa_mask=[], sa_flags=SA_RESTORER, sa_restorer=0x7f96912c80c0}, 8) = 0
32183 rt_sigprocmask(SIG_SETMASK, [], NULL, 8) = 0
32183 rt_sigprocmask(SIG_BLOCK, [BUS], [], 8) = 0
32183 rt_sigaction(SIGBUS, {sa_handler=0x562922da37e0, sa_mask=[], sa_flags=SA_RESTORER, sa_restorer=0x7f96912c80c0},  <unfinished ...>
32184 brk(0x562924cd2000 <unfinished ...>
32183 <... rt_sigaction resumed> {sa_handler=0x562922da37e0, sa_mask=[], sa_flags=SA_RESTORER, sa_restorer=0x7f96912c80c0}, 8) = 0
32185 mount("/", "/", 0x562923cc2940, MS_REC|MS_PRIVATE, 0x562923cbfed0 <unfinished ...>
32184 <... brk resumed> )               = 0x562924cd2000
32183 rt_sigprocmask(SIG_SETMASK, [], NULL, 8) = 0
32185 <... mount resumed> )             = 0
32183 rt_sigprocmask(SIG_BLOCK, [STKFLT], [], 8) = 0
32183 rt_sigaction(SIGSTKFLT, {sa_handler=0x562922da37e0, sa_mask=[], sa_flags=SA_RESTORER, sa_restorer=0x7f96912c80c0}, {sa_handler=0x562922da37e0, sa_mask=[], sa_flags=SA_RESTORER, sa_restorer=0x7f96912c80c0}, 8) = 0
32183 rt_sigprocmask(SIG_SETMASK, [], NULL, 8) = 0
32183 rt_sigprocmask(SIG_BLOCK, [RT_2], [], 8) = 0
32182 stat("/tmp",  <unfinished ...>
32183 rt_sigaction(SIGRT_2, {sa_handler=0x562922da37e0, sa_mask=[], sa_flags=SA_RESTORER, sa_restorer=0x7f96912c80c0},  <unfinished ...>
32182 <... stat resumed> {st_mode=S_IFDIR|S_ISVTX|0777, st_size=974848, ...}) = 0
32183 <... rt_sigaction resumed> {sa_handler=0x562922da37e0, sa_mask=[], sa_flags=SA_RESTORER, sa_restorer=0x7f96912c80c0}, 8) = 0
32182 geteuid( <unfinished ...>
32183 rt_sigprocmask(SIG_SETMASK, [],  <unfinished ...>
32182 <... geteuid resumed> )           = 0
32183 <... rt_sigprocmask resumed> NULL, 8) = 0
32184 read(3, "mpnam($dir, $prefix)' unless sca"..., 8192) = 8192
32183 rt_sigprocmask(SIG_BLOCK, [CHLD],  <unfinished ...>
32181 read(3,  <unfinished ...>
32183 <... rt_sigprocmask resumed> [], 8) = 0
32181 <... read resumed> "mpnam($dir, $prefix)' unless sca"..., 8192) = 8192
32185 stat("/tmp/eval-0vp_1AZr/jail",  <unfinished ...>
32183 rt_sigaction(SIGCHLD, {sa_handler=0x562922da37e0, sa_mask=[], sa_flags=SA_RESTORER, sa_restorer=0x7f96912c80c0},  <unfinished ...>
32185 <... stat resumed> 0x5629230c78c0) = -1 ENOENT (No such file or directory)
32183 <... rt_sigaction resumed> {sa_handler=0x562922da37e0, sa_mask=[], sa_flags=SA_RESTORER, sa_restorer=0x7f96912c80c0}, 8) = 0
32182 open("/dev/urandom", O_RDONLY <unfinished ...>
32183 rt_sigprocmask(SIG_SETMASK, [], NULL, 8) = 0
32182 <... open resumed> )              = 6
32183 rt_sigprocmask(SIG_BLOCK, [USR1],  <unfinished ...>
32182 read(6,  <unfinished ...>
32183 <... rt_sigprocmask resumed> [], 8) = 0
